=== CT3 4K24 PROBE V1 START ===
Sun Aug  9 12:05:06 UTC 2026
Linux nx300 3.5.0+ #24 PREEMPT Mon Feb 3 14:56:56 KST 2014 armv7l GNU/Linux
mount=/mnt/mmc
uid=uid=0(root) gid=0(root)
camera processes:
 267 ?        00:05:06 di-camera-app-n
st binary:
-rwxr-xr-x    1 root     root          4284 Oct 31  2013 /usr/bin/st
waiting for camera service
--- st cap cis info ---
--- CT3 frame/window/timing registers ---
REGISTER 0x0340
REGISTER 0x0342
REGISTER 0x3142
REGISTER 0x31d2
REGISTER 0x3224
REGISTER 0x3226
REGISTER 0x3228
REGISTER 0x322a
REGISTER 0x3242
REGISTER 0x3252
REGISTER 0x3404
REGISTER 0x3406
REGISTER 0x3408
REGISTER 0x3416
REGISTER 0x3418
REGISTER 0x341a
REGISTER 0x341c
REGISTER 0x341e
REGISTER 0x3420
REGISTER 0x3422
REGISTER 0x3424
REGISTER 0x3426
REGISTER 0x342a
REGISTER 0x342c
REGISTER 0x342e
REGISTER 0x3430
REGISTER 0x3432
REGISTER 0x3434
REGISTER 0x343c
REGISTER 0x343e
REGISTER 0x3440
REGISTER 0x3466
REGISTER 0x347a
REGISTER 0x347c
REGISTER 0x3480
REGISTER 0x3482
REGISTER 0x3484
REGISTER 0x3486
REGISTER 0x3488
REGISTER 0x348a
REGISTER 0x348c
REGISTER 0x348e
REGISTER 0x3490
REGISTER 0x3492
REGISTER 0x4022
REGISTER 0x6100
REGISTER 0x6306
REGISTER 0x700c
REGISTER 0x702c
REGISTER 0x7032
=== CT3 4K24 PROBE V1 END ===
Sun Aug  9 12:05:19 UTC 2026
