WRITE seq=1 fd=1 ptr=0xb389c000 count=15 r0=1 pc=0xb56f2594
HEX 43617074757265436f6e736f6c650a
ASCII CaptureConsole.
WRITE seq=2 fd=15 ptr=0xb389c000 count=15 r0=15 pc=0xb56f2594
HEX 43617074757265436f6e736f6c650a
ASCII CaptureConsole.
WRITE seq=3 fd=1 ptr=0xb389c000 count=34 r0=1 pc=0xb56f2594
HEX 232320494d4147452053454e534f5220494e464f524d4154494f4e205b4354335d0a
ASCII ## IMAGE SENSOR INFORMATION [CT3].
WRITE seq=4 fd=34 ptr=0xb389c000 count=34 r0=34 pc=0xb56f2594
HEX 232320494d4147452053454e534f5220494e464f524d4154494f4e205b4354335d0a
ASCII ## IMAGE SENSOR INFORMATION [CT3].
WRITE seq=5 fd=1 ptr=0xb389c000 count=36 r0=1 pc=0xb56f2594
HEX 6d5f654d6f6465202020202020093a206553656e736f724d6f64654c697665766965770a
ASCII m_eMode      .: eSensorModeLiveview.
WRITE seq=6 fd=36 ptr=0xb389c000 count=36 r0=36 pc=0xb56f2594
HEX 6d5f654d6f6465202020202020093a206553656e736f724d6f64654c697665766965770a
ASCII m_eMode      .: eSensorModeLiveview.
WRITE seq=7 fd=1 ptr=0xb389c000 count=26 r0=1 pc=0xb56f2594
HEX 6d5f756954696d655573202020093a2033322e3633336d73200a
ASCII m_uiTimeUs   .: 32.633ms .
WRITE seq=8 fd=26 ptr=0xb389c000 count=26 r0=26 pc=0xb56f2594
HEX 6d5f756954696d655573202020093a2033322e3633336d73200a
ASCII m_uiTimeUs   .: 32.633ms .
WRITE seq=9 fd=1 ptr=0xb389c000 count=20 r0=1 pc=0xb56f2594
HEX 6d5f65566964656f4761696e20093a207838200a
ASCII m_eVideoGain .: x8 .
WRITE seq=10 fd=20 ptr=0xb389c000 count=20 r0=20 pc=0xb56f2594
HEX 6d5f65566964656f4761696e20093a207838200a
ASCII m_eVideoGain .: x8 .
WRITE seq=11 fd=1 ptr=0xb389c000 count=20 r0=1 pc=0xb56f2594
HEX 6d5f655374696c6c4761696e20093a207831200a
ASCII m_eStillGain .: x1 .
WRITE seq=12 fd=20 ptr=0xb389c000 count=20 r0=20 pc=0xb56f2594
HEX 6d5f655374696c6c4761696e20093a207831200a
ASCII m_eStillGain .: x1 .
WRITE seq=13 fd=1 ptr=0xb389c000 count=28 r0=1 pc=0xb56f2594
HEX 6d5f626c4c6f636b4672616d6572617465203a20556e6c6f636b200a
ASCII m_blLockFramerate : Unlock .
WRITE seq=14 fd=28 ptr=0xb389c000 count=28 r0=28 pc=0xb56f2594
HEX 6d5f626c4c6f636b4672616d6572617465203a20556e6c6f636b200a
ASCII m_blLockFramerate : Unlock .
WRITE seq=15 fd=1 ptr=0xb389c000 count=27 r0=1 pc=0xb56f2594
HEX 6d5f654672616d65526174652020202020203a203330667073200a
ASCII m_eFrameRate      : 30fps .
WRITE seq=16 fd=27 ptr=0xb389c000 count=27 r0=27 pc=0xb56f2594
HEX 6d5f654672616d65526174652020202020203a203330667073200a
ASCII m_eFrameRate      : 30fps .
WRITE seq=17 fd=1 ptr=0xb389c000 count=27 r0=1 pc=0xb56f2594
HEX 6d5f654c6f636b4672616d655261746520203a203330667073200a
ASCII m_eLockFrameRate  : 30fps .
WRITE seq=18 fd=27 ptr=0xb389c000 count=27 r0=27 pc=0xb56f2594
HEX 6d5f654c6f636b4672616d655261746520203a203330667073200a
ASCII m_eLockFrameRate  : 30fps .
WRITE seq=19 fd=1 ptr=0xb389c000 count=27 r0=1 pc=0xb56f2594
HEX 6d5f65426173654672616d655261746520203a203138667073200a
ASCII m_eBaseFrameRate  : 18fps .
WRITE seq=20 fd=27 ptr=0xb389c000 count=27 r0=27 pc=0xb56f2594
HEX 6d5f65426173654672616d655261746520203a203138667073200a
ASCII m_eBaseFrameRate  : 18fps .
WRITE seq=21 fd=1 ptr=0xb389c000 count=26 r0=1 pc=0xb56f2594
HEX 4672616d652072617465203a2032392e3938323833306670730a
ASCII Frame rate : 29.982830fps.
WRITE seq=22 fd=26 ptr=0xb389c000 count=26 r0=26 pc=0xb56f2594
HEX 4672616d652072617465203a2032392e3938323833306670730a
ASCII Frame rate : 29.982830fps.
WRITE seq=23 fd=1 ptr=0xb389c000 count=25 r0=1 pc=0xb56f2594
HEX 686420636f756e742f76640920200920203a2031333434200a
ASCII hd count/vd.  .  : 1344 .
WRITE seq=24 fd=25 ptr=0xb389c000 count=25 r0=25 pc=0xb56f2594
HEX 686420636f756e742f76640920200920203a2031333434200a
ASCII hd count/vd.  .  : 1344 .
WRITE seq=25 fd=1 ptr=0xb389c000 count=23 r0=1 pc=0xb56f2594
HEX 636c6f636b2f6864092020202020203a2033373732200a
ASCII clock/hd.      : 3772 .
WRITE seq=26 fd=23 ptr=0xb389c000 count=23 r0=23 pc=0xb56f2594
HEX 636c6f636b2f6864092020202020203a2033373732200a
ASCII clock/hd.      : 3772 .
WRITE seq=27 fd=1 ptr=0xb389c000 count=14 r0=1 pc=0xb56f2594
HEX 454653206d6f6465203a2030200a
ASCII EFS mode : 0 .
WRITE seq=28 fd=14 ptr=0xb389c000 count=14 r0=14 pc=0xb56f2594
HEX 454653206d6f6465203a2030200a
ASCII EFS mode : 0 .
WRITE seq=29 fd=1 ptr=0xb389c000 count=22 r0=1 pc=0xb56f2594
HEX 56442074696d65203a2031363637362e32317573200a
ASCII VD time : 16676.21us .
WRITE seq=30 fd=22 ptr=0xb389c000 count=22 r0=22 pc=0xb56f2594
HEX 56442074696d65203a2031363637362e32317573200a
ASCII VD time : 16676.21us .
WRITE seq=31 fd=1 ptr=0xb389c000 count=20 r0=1 pc=0xb56f2594
HEX 48442074696d65203a2031322e34307573200a0a
ASCII HD time : 12.40us ..
WRITE seq=32 fd=20 ptr=0xb389c000 count=20 r0=20 pc=0xb56f2594
HEX 48442074696d65203a2031322e34307573200a0a
ASCII HD time : 12.40us ..
WRITE seq=33 fd=1 ptr=0xb389c000 count=19 r0=1 pc=0xb56f2594
HEX 6d5f75694864436f756e74203a20323633300a
ASCII m_uiHdCount : 2630.
WRITE seq=34 fd=19 ptr=0xb389c000 count=19 r0=19 pc=0xb56f2594
HEX 6d5f75694864436f756e74203a20323633300a
ASCII m_uiHdCount : 2630.
WRITE seq=35 fd=1 ptr=0xb389c000 count=26 r0=1 pc=0xb56f2594
HEX 6d5f65566964656f466f726d6174202020203a204e545343200a
ASCII m_eVideoFormat    : NTSC .
WRITE seq=36 fd=26 ptr=0xb389c000 count=26 r0=26 pc=0xb56f2594
HEX 6d5f65566964656f466f726d6174202020203a204e545343200a
ASCII m_eVideoFormat    : NTSC .
WRITE seq=37 fd=1 ptr=0xb389c000 count=42 r0=1 pc=0xb56f2594
HEX 5b4e6f775d204e5453433a35392e3936353636306670732c2050414c3a34392e3939363138356670730a
ASCII [Now] NTSC:59.965660fps, PAL:49.996185fps.
WRITE seq=38 fd=42 ptr=0xb389c000 count=42 r0=42 pc=0xb56f2594
HEX 5b4e6f775d204e5453433a35392e3936353636306670732c2050414c3a34392e3939363138356670730a
ASCII [Now] NTSC:59.965660fps, PAL:49.996185fps.
WRITE seq=39 fd=1 ptr=0xb389c000 count=55 r0=1 pc=0xb56f2594
HEX 5b315232537831523253283630667073295d204e5453433a35392e3936353636306670732c2050414c3a34392e3939363138356670730a
ASCII [1R2Sx1R2S(60fps)] NTSC:59.965660fps, PAL:49.996185fps.
WRITE seq=40 fd=55 ptr=0xb389c000 count=55 r0=55 pc=0xb56f2594
HEX 5b315232537831523253283630667073295d204e5453433a35392e3936353636306670732c2050414c3a34392e3939363138356670730a
ASCII [1R2Sx1R2S(60fps)] NTSC:59.965660fps, PAL:49.996185fps.
WRITE seq=41 fd=1 ptr=0xb389c000 count=57 r0=1 pc=0xb56f2594
HEX 5b31523253783152375328313230667073295d204e5453433a3131392e3933313332306670732c2050414c3a39392e3939323337316670730a
ASCII [1R2Sx1R7S(120fps)] NTSC:119.931320fps, PAL:99.992371fps.
WRITE seq=42 fd=57 ptr=0xb389c000 count=57 r0=57 pc=0xb56f2594
HEX 5b31523253783152375328313230667073295d204e5453433a3131392e3933313332306670732c2050414c3a39392e3939323337316670730a
ASCII [1R2Sx1R7S(120fps)] NTSC:119.931320fps, PAL:99.992371fps.
WRITE seq=43 fd=1 ptr=0xb389c000 count=55 r0=1 pc=0xb56f2594
HEX 5b325232537832523253283330667073295d204e5453433a32392e3939343531316670732c2050414c3a32342e3939363730326670730a
ASCII [2R2Sx2R2S(30fps)] NTSC:29.994511fps, PAL:24.996702fps.
WRITE seq=44 fd=55 ptr=0xb389c000 count=55 r0=55 pc=0xb56f2594
HEX 5b325232537832523253283330667073295d204e5453433a32392e3939343531316670732c2050414c3a32342e3939363730326670730a
ASCII [2R2Sx2R2S(30fps)] NTSC:29.994511fps, PAL:24.996702fps.
WRITE seq=45 fd=1 ptr=0xb389c000 count=55 r0=1 pc=0xb56f2594
HEX 5b325232537832523253283630667073295d204e5453433a35392e3937303633316670732c2050414c3a34392e3938303633336670730a
ASCII [2R2Sx2R2S(60fps)] NTSC:59.970631fps, PAL:49.980633fps.
WRITE seq=46 fd=55 ptr=0xb389c000 count=55 r0=55 pc=0xb56f2594
HEX 5b325232537832523253283630667073295d204e5453433a35392e3937303633316670732c2050414c3a34392e3938303633336670730a
ASCII [2R2Sx2R2S(60fps)] NTSC:59.970631fps, PAL:49.980633fps.
WRITE seq=47 fd=1 ptr=0xb389c000 count=55 r0=1 pc=0xb56f2594
HEX 5b325232537832523253283234667073295d204e5453433a32332e3939373038306670732c2050414c3a32332e3939373038306670730a
ASCII [2R2Sx2R2S(24fps)] NTSC:23.997080fps, PAL:23.997080fps.
WRITE seq=48 fd=55 ptr=0xb389c000 count=55 r0=55 pc=0xb56f2594
HEX 5b325232537832523253283234667073295d204e5453433a32332e3939373038306670732c2050414c3a32332e3939373038306670730a
ASCII [2R2Sx2R2S(24fps)] NTSC:23.997080fps, PAL:23.997080fps.
WRITE seq=49 fd=1 ptr=0xb389c000 count=54 r0=1 pc=0xb56f2594
HEX 5b31523153783152315328332e35667073295d204e5453433a332e3536393033376670732c2050414c3a332e3536393033376670730a
ASCII [1R1Sx1R1S(3.5fps)] NTSC:3.569037fps, PAL:3.569037fps.
WRITE seq=50 fd=54 ptr=0xb389c000 count=54 r0=54 pc=0xb56f2594
HEX 5b31523153783152315328332e35667073295d204e5453433a332e3536393033376670732c2050414c3a332e3536393033376670730a
ASCII [1R1Sx1R1S(3.5fps)] NTSC:3.569037fps, PAL:3.569037fps.
WRITE seq=51 fd=1 ptr=0xb389c000 count=15 r0=1 pc=0xb56f2594
HEX 43617074757265436f6e736f6c650a
ASCII CaptureConsole.
WRITE seq=52 fd=15 ptr=0xb389c000 count=15 r0=15 pc=0xb56f2594
HEX 43617074757265436f6e736f6c650a
ASCII CaptureConsole.
WRITE seq=53 fd=1 ptr=0xb389c000 count=36 r0=1 pc=0xb56f2594
HEX 4349535f524541442041444452455353203a203334302c2044415441203a20613830200a
ASCII CIS_READ ADDRESS : 340, DATA : a80 .
WRITE seq=54 fd=36 ptr=0xb389c000 count=36 r0=36 pc=0xb56f2594
HEX 4349535f524541442041444452455353203a203334302c2044415441203a20613830200a
ASCII CIS_READ ADDRESS : 340, DATA : a80 .
WRITE seq=55 fd=1 ptr=0xb389c000 count=15 r0=1 pc=0xb56f2594
HEX 43617074757265436f6e736f6c650a
ASCII CaptureConsole.
WRITE seq=56 fd=15 ptr=0xb389c000 count=15 r0=15 pc=0xb56f2594
HEX 43617074757265436f6e736f6c650a
ASCII CaptureConsole.
WRITE seq=57 fd=1 ptr=0xb389c000 count=36 r0=1 pc=0xb56f2594
HEX 4349535f524541442041444452455353203a203334322c2044415441203a20656263200a
ASCII CIS_READ ADDRESS : 342, DATA : ebc .
WRITE seq=58 fd=36 ptr=0xb389c000 count=36 r0=36 pc=0xb56f2594
HEX 4349535f524541442041444452455353203a203334322c2044415441203a20656263200a
ASCII CIS_READ ADDRESS : 342, DATA : ebc .
WRITE seq=59 fd=1 ptr=0xb389c000 count=15 r0=1 pc=0xb56f2594
HEX 43617074757265436f6e736f6c650a
ASCII CaptureConsole.
WRITE seq=60 fd=15 ptr=0xb389c000 count=15 r0=15 pc=0xb56f2594
HEX 43617074757265436f6e736f6c650a
ASCII CaptureConsole.
WRITE seq=61 fd=1 ptr=0xb389c000 count=35 r0=1 pc=0xb56f2594
HEX 4349535f524541442041444452455353203a20333430342c2044415441203a2035200a
ASCII CIS_READ ADDRESS : 3404, DATA : 5 .
WRITE seq=62 fd=35 ptr=0xb389c000 count=35 r0=35 pc=0xb56f2594
HEX 4349535f524541442041444452455353203a20333430342c2044415441203a2035200a
ASCII CIS_READ ADDRESS : 3404, DATA : 5 .
