restart_syscall(0, )                    = 983070
msgrcv(0, 2696096616, 0xd0 /* MSG_??? */208, "\1\0\0\0\4\0\0\0/usr/bin/st\0\0\0\0\0\0\0\0\0cap\0\0\0\0\0\0\0\0\0\0\0\0\0\0\0\0\0cis\0\0\0\0\0\0\0\0\0\0\0\0\0\0\0\0\0info\0\0\0\0\0\0\0\0\0\0\0\0\0\0\0\0\0\0\0\0\0\0\0\0\0\0\0\0\0\0\0\0\0\0\0\0\0\0\0\0\0\0\0\0\0\0\0\0\0\0\0\0\0\0\0\0\0\0\0\0\0\0\0\0\0\0\0\0\0\0\0\0\0\0\0\0\0\0\0\0\0\0\0\0\0\0\0\0\0\0\0\0\0\0\0\0\0\0\0\0\0\0\0\0\0\0\0\0\0\0\0\0\0\0\0\0\0\0\0\0\0\0\0\0\0\0\0\0\0\0\0\0\0\0\0\0", 208) = 1
 | 00000  01 00 00 00 04 00 00 00  2f 75 73 72 2f 62 69 6e  ........ /usr/bin |
 | 00010  2f 73 74 00 00 00 00 00  00 00 00 00 63 61 70 00  /st..... ....cap. |
 | 00020  00 00 00 00 00 00 00 00  00 00 00 00 00 00 00 00  ........ ........ |
 | 00030  63 69 73 00 00 00 00 00  00 00 00 00 00 00 00 00  cis..... ........ |
 | 00040  00 00 00 00 69 6e 66 6f  00 00 00 00 00 00 00 00  ....info ........ |
 | 00050  00 00 00 00 00 00 00 00  00 00 00 00 00 00 00 00  ........ ........ |
 | 00060  00 00 00 00 00 00 00 00  00 00 00 00 00 00 00 00  ........ ........ |
 | 00070  00 00 00 00 00 00 00 00  00 00 00 00 00 00 00 00  ........ ........ |
 | 00080  00 00 00 00 00 00 00 00  00 00 00 00 00 00 00 00  ........ ........ |
 | 00090  00 00 00 00 00 00 00 00  00 00 00 00 00 00 00 00  ........ ........ |
 | 000a0  00 00 00 00 00 00 00 00  00 00 00 00 00 00 00 00  ........ ........ |
 | 000b0  00 00 00 00 00 00 00 00  00 00 00 00 00 00 00 00  ........ ........ |
 | 000c0  00 00 00 00 00 00 00 00  00 00 00 00 00 00 00 00  ........ ........ |
write(15, "## IMAGE SENSOR", 15)        = 1
 | 00000  23 23 20 49 4d 41 47 45  20 53 45 4e 53 4f 52     ## IMAGE  SENSOR  |
write(34, "m_eMode      \t: eSensorModeIdle\n]\n", 34) = 1
 | 00000  6d 5f 65 4d 6f 64 65 20  20 20 20 20 20 09 3a 20  m_eMode       .:  |
 | 00010  65 53 65 6e 73 6f 72 4d  6f 64 65 49 64 6c 65 0a  eSensorM odeIdle. |
 | 00020  5d 0a                                             ].                |
write(32, "m_uiTimeUs   \t: 125.0ms \ndeIdle\n", 32) = 1
 | 00000  6d 5f 75 69 54 69 6d 65  55 73 20 20 20 09 3a 20  m_uiTime Us   .:  |
 | 00010  31 32 35 2e 30 6d 73 20  0a 64 65 49 64 6c 65 0a  125.0ms  .deIdle. |
write(25, "m_eVideoGain \t: x8 \n0ms \n", 25) = 1
 | 00000  6d 5f 65 56 69 64 65 6f  47 61 69 6e 20 09 3a 20  m_eVideo Gain .:  |
 | 00010  78 38 20 0a 30 6d 73 20  0a                       x8 .0ms  .        |
write(20, "m_eStillGain \t: x1 \n", 20) = 1
 | 00000  6d 5f 65 53 74 69 6c 6c  47 61 69 6e 20 09 3a 20  m_eStill Gain .:  |
 | 00010  78 31 20 0a                                       x1 .              |
write(20, "m_blLockFramerate : ", 20)   = 1
 | 00000  6d 5f 62 6c 4c 6f 63 6b  46 72 61 6d 65 72 61 74  m_blLock Framerat |
 | 00010  65 20 3a 20                                       e :               |
write(28, "[CSensorDriver] 3 of EFrameR", 28) = 1
 | 00000  5b 43 53 65 6e 73 6f 72  44 72 69 76 65 72 5d 20  [CSensor Driver]  |
 | 00010  33 20 6f 66 20 45 46 72  61 6d 65 52              3 of EFr ameR     |
write(32, "m_eFrameRate      : 0fps \neRate\n", 32) = 1
 | 00000  6d 5f 65 46 72 61 6d 65  52 61 74 65 20 20 20 20  m_eFrame Rate     |
 | 00010  20 20 3a 20 30 66 70 73  20 0a 65 52 61 74 65 0a    : 0fps  .eRate. |
write(26, "m_eLockFrameRate  : 30fps ", 26) = 1
 | 00000  6d 5f 65 4c 6f 63 6b 46  72 61 6d 65 52 61 74 65  m_eLockF rameRate |
 | 00010  20 20 3a 20 33 30 66 70  73 20                      : 30fp s        |
write(27, "m_eBaseFrameRate  : 18fps \n", 27) = 1
 | 00000  6d 5f 65 42 61 73 65 46  72 61 6d 65 52 61 74 65  m_eBaseF rameRate |
 | 00010  20 20 3a 20 31 38 66 70  73 20 0a                   : 18fp s .      |
write(27, "Frame rate : 59.965660fps\n\n", 27) = 1
 | 00000  46 72 61 6d 65 20 72 61  74 65 20 3a 20 35 39 2e  Frame ra te : 59. |
 | 00010  39 36 35 36 36 30 66 70  73 0a 0a                 965660fp s..      |
write(26, "hd count/vd\t  \t  : 1344 \n\n", 26) = 1
 | 00000  68 64 20 63 6f 75 6e 74  2f 76 64 09 20 20 09 20  hd count /vd.  .  |
 | 00010  20 3a 20 31 33 34 34 20  0a 0a                     : 1344  ..       |
write(25, "clock/hd\t      : 3772 \n \n", 25) = 1
 | 00000  63 6c 6f 63 6b 2f 68 64  09 20 20 20 20 20 20 3a  clock/hd .      : |
 | 00010  20 33 37 37 32 20 0a 20  0a                        3772 .  .        |
write(23, "EFS mode : 0 \n : 3772 \n", 23) = 1
 | 00000  45 46 53 20 6d 6f 64 65  20 3a 20 30 20 0a 20 3a  EFS mode  : 0 . : |
 | 00010  20 33 37 37 32 20 0a                               3772 .           |
write(14, "VD time : 1667", 14)         = 1
 | 00000  56 44 20 74 69 6d 65 20  3a 20 31 36 36 37        VD time  : 1667   |
write(22, "HD time : 12.40us \n\n \n", 22) = 1
 | 00000  48 44 20 74 69 6d 65 20  3a 20 31 32 2e 34 30 75  HD time  : 12.40u |
 | 00010  73 20 0a 0a 20 0a                                 s .. .            |
write(20, "m_uiHdCount : 1343\n\n", 20) = 1
 | 00000  6d 5f 75 69 48 64 43 6f  75 6e 74 20 3a 20 31 33  m_uiHdCo unt : 13 |
 | 00010  34 33 0a 0a                                       43..              |
write(19, "m_eVideoFormat    :", 19)    = 1
 | 00000  6d 5f 65 56 69 64 65 6f  46 6f 72 6d 61 74 20 20  m_eVideo Format   |
 | 00010  20 20 3a                                            :               |
write(26, "[Now] NTSC:59.965660fps, P", 26) = 1
 | 00000  5b 4e 6f 77 5d 20 4e 54  53 43 3a 35 39 2e 39 36  [Now] NT SC:59.96 |
 | 00010  35 36 36 30 66 70 73 2c  20 50                    5660fps,  P       |
write(42, "[1R2Sx1R2S(60fps)] NTSC:59.965660fps, PAL:", 42) = 1
 | 00000  5b 31 52 32 53 78 31 52  32 53 28 36 30 66 70 73  [1R2Sx1R 2S(60fps |
 | 00010  29 5d 20 4e 54 53 43 3a  35 39 2e 39 36 35 36 36  )] NTSC: 59.96566 |
 | 00020  30 66 70 73 2c 20 50 41  4c 3a                    0fps, PA L:       |
write(55, "[1R2Sx1R7S(120fps)] NTSC:119.931320fps, PAL:99.992371fp", 55) = 1
 | 00000  5b 31 52 32 53 78 31 52  37 53 28 31 32 30 66 70  [1R2Sx1R 7S(120fp |
 | 00010  73 29 5d 20 4e 54 53 43  3a 31 31 39 2e 39 33 31  s)] NTSC :119.931 |
 | 00020  33 32 30 66 70 73 2c 20  50 41 4c 3a 39 39 2e 39  320fps,  PAL:99.9 |
 | 00030  39 32 33 37 31 66 70                              92371fp           |
write(57, "[2R2Sx2R2S(30fps)] NTSC:29.994511fps, PAL:24.996702fps\ns\n", 57) = 1
 | 00000  5b 32 52 32 53 78 32 52  32 53 28 33 30 66 70 73  [2R2Sx2R 2S(30fps |
 | 00010  29 5d 20 4e 54 53 43 3a  32 39 2e 39 39 34 35 31  )] NTSC: 29.99451 |
 | 00020  31 66 70 73 2c 20 50 41  4c 3a 32 34 2e 39 39 36  1fps, PA L:24.996 |
 | 00030  37 30 32 66 70 73 0a 73  0a                       702fps.s .        |
write(55, "[2R2Sx2R2S(60fps)] NTSC:59.970631fps, PAL:49.980633fps\n", 55) = 1
 | 00000  5b 32 52 32 53 78 32 52  32 53 28 36 30 66 70 73  [2R2Sx2R 2S(60fps |
 | 00010  29 5d 20 4e 54 53 43 3a  35 39 2e 39 37 30 36 33  )] NTSC: 59.97063 |
 | 00020  31 66 70 73 2c 20 50 41  4c 3a 34 39 2e 39 38 30  1fps, PA L:49.980 |
 | 00030  36 33 33 66 70 73 0a                              633fps.           |
write(55, "[2R2Sx2R2S(24fps)] NTSC:23.997080fps, PAL:23.997080fps\n", 55) = 1
 | 00000  5b 32 52 32 53 78 32 52  32 53 28 32 34 66 70 73  [2R2Sx2R 2S(24fps |
 | 00010  29 5d 20 4e 54 53 43 3a  32 33 2e 39 39 37 30 38  )] NTSC: 23.99708 |
 | 00020  30 66 70 73 2c 20 50 41  4c 3a 32 33 2e 39 39 37  0fps, PA L:23.997 |
 | 00030  30 38 30 66 70 73 0a                              080fps.           |
write(55, "[1R1Sx1R1S(3.5fps)] NTSC:3.569037fps, PAL:3.569037fps\n\n", 55) = 1
 | 00000  5b 31 52 31 53 78 31 52  31 53 28 33 2e 35 66 70  [1R1Sx1R 1S(3.5fp |
 | 00010  73 29 5d 20 4e 54 53 43  3a 33 2e 35 36 39 30 33  s)] NTSC :3.56903 |
 | 00020  37 66 70 73 2c 20 50 41  4c 3a 33 2e 35 36 39 30  7fps, PA L:3.5690 |
 | 00030  33 37 66 70 73 0a 0a                              37fps..           |
write(54, )                             = 983070
msgrcv(0, 2696096616, 0xd0 /* MSG_??? */208, "\1\0\0\0\5\0\0\0/usr/bin/st\0\0\0\0\0\0\0\0\0cap\0\0\0\0\0\0\0\0\0\0\0\0\0\0\0\0\0cis\0\0\0\0\0\0\0\0\0\0\0\0\0\0\0\0\0regr\0\0\0\0\0\0\0\0\0\0\0\0\0\0\0\0000340\0\0\0\0\0\0\0\0\0\0\0\0\0\0\0\0\0\0\0\0\0\0\0\0\0\0\0\0\0\0\0\0\0\0\0\0\0\0\0\0\0\0\0\0\0\0\0\0\0\0\0\0\0\0\0\0\0\0\0\0\0\0\0\0\0\0\0\0\0\0\0\0\0\0\0\0\0\0\0\0\0\0\0\0\0\0\0\0\0\0\0\0\0\0\0\0\0\0\0\0\0\0\0\0\0\0\0\0\0\0\0\0\0\0\0\0", 208) = 1
 | 00000  01 00 00 00 05 00 00 00  2f 75 73 72 2f 62 69 6e  ........ /usr/bin |
 | 00010  2f 73 74 00 00 00 00 00  00 00 00 00 63 61 70 00  /st..... ....cap. |
 | 00020  00 00 00 00 00 00 00 00  00 00 00 00 00 00 00 00  ........ ........ |
 | 00030  63 69 73 00 00 00 00 00  00 00 00 00 00 00 00 00  cis..... ........ |
 | 00040  00 00 00 00 72 65 67 72  00 00 00 00 00 00 00 00  ....regr ........ |
 | 00050  00 00 00 00 00 00 00 00  30 33 34 30 00 00 00 00  ........ 0340.... |
 | 00060  00 00 00 00 00 00 00 00  00 00 00 00 00 00 00 00  ........ ........ |
 | 00070  00 00 00 00 00 00 00 00  00 00 00 00 00 00 00 00  ........ ........ |
 | 00080  00 00 00 00 00 00 00 00  00 00 00 00 00 00 00 00  ........ ........ |
 | 00090  00 00 00 00 00 00 00 00  00 00 00 00 00 00 00 00  ........ ........ |
 | 000a0  00 00 00 00 00 00 00 00  00 00 00 00 00 00 00 00  ........ ........ |
 | 000b0  00 00 00 00 00 00 00 00  00 00 00 00 00 00 00 00  ........ ........ |
 | 000c0  00 00 00 00 00 00 00 00  00 00 00 00 00 00 00 00  ........ ........ |
write(15, "CIS_READ ADDRES", 15)        = 1
 | 00000  43 49 53 5f 52 45 41 44  20 41 44 44 52 45 53     CIS_READ  ADDRES  |
write(34, )                             = 983070
msgrcv(0, 2696096616, 0xd0 /* MSG_??? */208, "\1\0\0\0\5\0\0\0/usr/bin/st\0\0\0\0\0\0\0\0\0cap\0\0\0\0\0\0\0\0\0\0\0\0\0\0\0\0\0cis\0\0\0\0\0\0\0\0\0\0\0\0\0\0\0\0\0regr\0\0\0\0\0\0\0\0\0\0\0\0\0\0\0\0000342\0\0\0\0\0\0\0\0\0\0\0\0\0\0\0\0\0\0\0\0\0\0\0\0\0\0\0\0\0\0\0\0\0\0\0\0\0\0\0\0\0\0\0\0\0\0\0\0\0\0\0\0\0\0\0\0\0\0\0\0\0\0\0\0\0\0\0\0\0\0\0\0\0\0\0\0\0\0\0\0\0\0\0\0\0\0\0\0\0\0\0\0\0\0\0\0\0\0\0\0\0\0\0\0\0\0\0\0\0\0\0\0\0\0\0\0", 208) = 1
 | 00000  01 00 00 00 05 00 00 00  2f 75 73 72 2f 62 69 6e  ........ /usr/bin |
 | 00010  2f 73 74 00 00 00 00 00  00 00 00 00 63 61 70 00  /st..... ....cap. |
 | 00020  00 00 00 00 00 00 00 00  00 00 00 00 00 00 00 00  ........ ........ |
 | 00030  63 69 73 00 00 00 00 00  00 00 00 00 00 00 00 00  cis..... ........ |
 | 00040  00 00 00 00 72 65 67 72  00 00 00 00 00 00 00 00  ....regr ........ |
 | 00050  00 00 00 00 00 00 00 00  30 33 34 32 00 00 00 00  ........ 0342.... |
 | 00060  00 00 00 00 00 00 00 00  00 00 00 00 00 00 00 00  ........ ........ |
 | 00070  00 00 00 00 00 00 00 00  00 00 00 00 00 00 00 00  ........ ........ |
 | 00080  00 00 00 00 00 00 00 00  00 00 00 00 00 00 00 00  ........ ........ |
 | 00090  00 00 00 00 00 00 00 00  00 00 00 00 00 00 00 00  ........ ........ |
 | 000a0  00 00 00 00 00 00 00 00  00 00 00 00 00 00 00 00  ........ ........ |
 | 000b0  00 00 00 00 00 00 00 00  00 00 00 00 00 00 00 00  ........ ........ |
 | 000c0  00 00 00 00 00 00 00 00  00 00 00 00 00 00 00 00  ........ ........ |
write(15, "CIS_READ ADDRES", 15)        = 1
 | 00000  43 49 53 5f 52 45 41 44  20 41 44 44 52 45 53     CIS_READ  ADDRES  |
write(34, )                             = 983070
msgrcv(0, 2696096616, 0xd0 /* MSG_??? */208, "\1\0\0\0\5\0\0\0/usr/bin/st\0\0\0\0\0\0\0\0\0cap\0\0\0\0\0\0\0\0\0\0\0\0\0\0\0\0\0cis\0\0\0\0\0\0\0\0\0\0\0\0\0\0\0\0\0regr\0\0\0\0\0\0\0\0\0\0\0\0\0\0\0\0003404\0\0\0\0\0\0\0\0\0\0\0\0\0\0\0\0\0\0\0\0\0\0\0\0\0\0\0\0\0\0\0\0\0\0\0\0\0\0\0\0\0\0\0\0\0\0\0\0\0\0\0\0\0\0\0\0\0\0\0\0\0\0\0\0\0\0\0\0\0\0\0\0\0\0\0\0\0\0\0\0\0\0\0\0\0\0\0\0\0\0\0\0\0\0\0\0\0\0\0\0\0\0\0\0\0\0\0\0\0\0\0\0\0\0\0\0", 208) = 1
 | 00000  01 00 00 00 05 00 00 00  2f 75 73 72 2f 62 69 6e  ........ /usr/bin |
 | 00010  2f 73 74 00 00 00 00 00  00 00 00 00 63 61 70 00  /st..... ....cap. |
 | 00020  00 00 00 00 00 00 00 00  00 00 00 00 00 00 00 00  ........ ........ |
 | 00030  63 69 73 00 00 00 00 00  00 00 00 00 00 00 00 00  cis..... ........ |
 | 00040  00 00 00 00 72 65 67 72  00 00 00 00 00 00 00 00  ....regr ........ |
 | 00050  00 00 00 00 00 00 00 00  33 34 30 34 00 00 00 00  ........ 3404.... |
 | 00060  00 00 00 00 00 00 00 00  00 00 00 00 00 00 00 00  ........ ........ |
 | 00070  00 00 00 00 00 00 00 00  00 00 00 00 00 00 00 00  ........ ........ |
 | 00080  00 00 00 00 00 00 00 00  00 00 00 00 00 00 00 00  ........ ........ |
 | 00090  00 00 00 00 00 00 00 00  00 00 00 00 00 00 00 00  ........ ........ |
 | 000a0  00 00 00 00 00 00 00 00  00 00 00 00 00 00 00 00  ........ ........ |
 | 000b0  00 00 00 00 00 00 00 00  00 00 00 00 00 00 00 00  ........ ........ |
 | 000c0  00 00 00 00 00 00 00 00  00 00 00 00 00 00 00 00  ........ ........ |
write(15, "CIS_READ ADDRES", 15)        = 1
 | 00000  43 49 53 5f 52 45 41 44  20 41 44 44 52 45 53     CIS_READ  ADDRES  |
write(35, )                             = 983070
