208, "\1\0\0\0\4\0\0\0/usr/bin/st\0\0\0\0\0\0\0\0\0cap\0\0\0\0\0\0\0\0\0\0\0\0\0\0\0\0\0cis\0\0\0\0\0\0\0\0\0\0\0\0\0\0\0\0\0info\0\0\0\0\0\0\0\0\0\0\0\0\0\0\0\0\0\0\0\0\0\0\0\0\0\0\0\0\0\0\0\0\0\0\0\0\0\0\0\0\0\0\0\0\0\0\0\0\0\0\0\0\0\0\0\0\0\0\0\0\0\0\0\0\0\0\0\0\0\0\0\0\0\0\0\0\0\0\0\0\0\0\0\0\0\0\0\0\0\0\0\0\0\0\0\0\0\0\0\0\0\0\0\0\0\0\0\0\0\0\0\0\0\0\0\0\0\0\0\0\0\0\0\0\0\0\0\0\0\0\0\0\0\0\0\0", 208) = 1
write(15, "## IMAGE SENSOR", 15)        = 1
write(34, "m_eMode      \t: eSensorModeLivevie", 34) = 1
write(36, "m_uiTimeUs   \t: 32.633ms \neLiveview\n", 36) = 1
write(26, "m_eVideoGain \t: x8 \n33ms \n", 26) = 1
write(20, "m_eStillGain \t: x1 \n", 20) = 1
write(20, "m_blLockFramerate : ", 20)   = 1
write(28, "m_eFrameRate      : 30fps \n\n", 28) = 1
write(27, "m_eLockFrameRate  : 30fps \n", 27) = 1
write(27, "m_eBaseFrameRate  : 18fps \n", 27) = 1
write(27, "Frame rate : 29.982830fps\n\n", 27) = 1
write(26, "hd count/vd\t  \t  : 1344 \n\n", 26) = 1
write(25, "clock/hd\t      : 3772 \n \n", 25) = 1
write(23, "EFS mode : 0 \n : 3772 \n", 23) = 1
write(14, "VD time : 1667", 14)         = 1
write(22, "HD time : 12.40us \n\n \n", 22) = 1
write(20, "m_uiHdCount : 2630\n\n", 20) = 1
write(19, "m_eVideoFormat    :", 19)    = 1
write(26, "[Now] NTSC:59.965660fps, P", 26) = 1
write(42, "[1R2Sx1R2S(60fps)] NTSC:59.965660fps, PAL:", 42) = 1
write(55, "[1R2Sx1R7S(120fps)] NTSC:119.931320fps, PAL:99.992371fp", 55) = 1
write(57, "[2R2Sx2R2S(30fps)] NTSC:29.994511fps, PAL:24.996702fps\ns\n", 57) = 1
write(55, "[2R2Sx2R2S(60fps)] NTSC:59.970631fps, PAL:49.980633fps\n", 55) = 1
write(55, "[2R2Sx2R2S(24fps)] NTSC:23.997080fps, PAL:23.997080fps\n", 55) = 1
write(55, "[1R1Sx1R1S(3.5fps)] NTSC:3.569037fps, PAL:3.569037fps\n\n", 55) = 1
write(208, "\1\0\0\0\5\0\0\0/usr/bin/st\0\0\0\0\0\0\0\0\0cap\0\0\0\0\0\0\0\0\0\0\0\0\0\0\0\0\0cis\0\0\0\0\0\0\0\0\0\0\0\0\0\0\0\0\0regr\0\0\0\0\0\0\0\0\0\0\0\0\0\0\0\0000100\0\0\0\0\0\0\0\0\0\0\0\0\0\0\0\0\0\0\0\0\0\0\0\0\0\0\0\0\0\0\0\0\0\0\0\0\0\0\0\0\0\0\0\0\0\0\0\0\0\0\0\0\0\0\0\0\0\0\0\0\0\0\0\0\0\0\0\0\0\0\0\0\0\0\0\0\0\0\0\0\0\0\0\0\0\0\0\0\0\0\0\0\0\0\0\0\0\0\0\0\0\0\0\0\0\0\0\0\0\0\0\0\0\0\0\0", 208) = 1
write(15, "CIS_READ ADDRES", 15)        = 1
write(208, "\1\0\0\0\5\0\0\0/usr/bin/st\0\0\0\0\0\0\0\0\0cap\0\0\0\0\0\0\0\0\0\0\0\0\0\0\0\0\0cis\0\0\0\0\0\0\0\0\0\0\0\0\0\0\0\0\0regr\0\0\0\0\0\0\0\0\0\0\0\0\0\0\0\0000112\0\0\0\0\0\0\0\0\0\0\0\0\0\0\0\0\0\0\0\0\0\0\0\0\0\0\0\0\0\0\0\0\0\0\0\0\0\0\0\0\0\0\0\0\0\0\0\0\0\0\0\0\0\0\0\0\0\0\0\0\0\0\0\0\0\0\0\0\0\0\0\0\0\0\0\0\0\0\0\0\0\0\0\0\0\0\0\0\0\0\0\0\0\0\0\0\0\0\0\0\0\0\0\0\0\0\0\0\0\0\0\0\0\0\0\0", 208) = 1
write(15, "CIS_READ ADDRES", 15)        = 1
write(208, "\1\0\0\0\5\0\0\0/usr/bin/st\0\0\0\0\0\0\0\0\0cap\0\0\0\0\0\0\0\0\0\0\0\0\0\0\0\0\0cis\0\0\0\0\0\0\0\0\0\0\0\0\0\0\0\0\0regr\0\0\0\0\0\0\0\0\0\0\0\0\0\0\0\0000340\0\0\0\0\0\0\0\0\0\0\0\0\0\0\0\0\0\0\0\0\0\0\0\0\0\0\0\0\0\0\0\0\0\0\0\0\0\0\0\0\0\0\0\0\0\0\0\0\0\0\0\0\0\0\0\0\0\0\0\0\0\0\0\0\0\0\0\0\0\0\0\0\0\0\0\0\0\0\0\0\0\0\0\0\0\0\0\0\0\0\0\0\0\0\0\0\0\0\0\0\0\0\0\0\0\0\0\0\0\0\0\0\0\0\0\0", 208) = 1
write(15, "CIS_READ ADDRES", 15)        = 1
write(208, "\1\0\0\0\5\0\0\0/usr/bin/st\0\0\0\0\0\0\0\0\0cap\0\0\0\0\0\0\0\0\0\0\0\0\0\0\0\0\0cis\0\0\0\0\0\0\0\0\0\0\0\0\0\0\0\0\0regr\0\0\0\0\0\0\0\0\0\0\0\0\0\0\0\0000342\0\0\0\0\0\0\0\0\0\0\0\0\0\0\0\0\0\0\0\0\0\0\0\0\0\0\0\0\0\0\0\0\0\0\0\0\0\0\0\0\0\0\0\0\0\0\0\0\0\0\0\0\0\0\0\0\0\0\0\0\0\0\0\0\0\0\0\0\0\0\0\0\0\0\0\0\0\0\0\0\0\0\0\0\0\0\0\0\0\0\0\0\0\0\0\0\0\0\0\0\0\0\0\0\0\0\0\0\0\0\0\0\0\0\0\0", 208) = 1
write(15, "CIS_READ ADDRES", 15)        = 1
write(208, "\1\0\0\0\5\0\0\0/usr/bin/st\0\0\0\0\0\0\0\0\0cap\0\0\0\0\0\0\0\0\0\0\0\0\0\0\0\0\0cis\0\0\0\0\0\0\0\0\0\0\0\0\0\0\0\0\0regr\0\0\0\0\0\0\0\0\0\0\0\0\0\0\0\0000344\0\0\0\0\0\0\0\0\0\0\0\0\0\0\0\0\0\0\0\0\0\0\0\0\0\0\0\0\0\0\0\0\0\0\0\0\0\0\0\0\0\0\0\0\0\0\0\0\0\0\0\0\0\0\0\0\0\0\0\0\0\0\0\0\0\0\0\0\0\0\0\0\0\0\0\0\0\0\0\0\0\0\0\0\0\0\0\0\0\0\0\0\0\0\0\0\0\0\0\0\0\0\0\0\0\0\0\0\0\0\0\0\0\0\0\0", 208) = 1
write(15, "CIS_READ ADDRES", 15)        = 1
write(208, "\1\0\0\0\5\0\0\0/usr/bin/st\0\0\0\0\0\0\0\0\0cap\0\0\0\0\0\0\0\0\0\0\0\0\0\0\0\0\0cis\0\0\0\0\0\0\0\0\0\0\0\0\0\0\0\0\0regr\0\0\0\0\0\0\0\0\0\0\0\0\0\0\0\0000346\0\0\0\0\0\0\0\0\0\0\0\0\0\0\0\0\0\0\0\0\0\0\0\0\0\0\0\0\0\0\0\0\0\0\0\0\0\0\0\0\0\0\0\0\0\0\0\0\0\0\0\0\0\0\0\0\0\0\0\0\0\0\0\0\0\0\0\0\0\0\0\0\0\0\0\0\0\0\0\0\0\0\0\0\0\0\0\0\0\0\0\0\0\0\0\0\0\0\0\0\0\0\0\0\0\0\0\0\0\0\0\0\0\0\0\0", 208) = 1
write(15, "CIS_READ ADDRES", 15)        = 1
write(208, "\1\0\0\0\5\0\0\0/usr/bin/st\0\0\0\0\0\0\0\0\0cap\0\0\0\0\0\0\0\0\0\0\0\0\0\0\0\0\0cis\0\0\0\0\0\0\0\0\0\0\0\0\0\0\0\0\0regr\0\0\0\0\0\0\0\0\0\0\0\0\0\0\0\0000348\0\0\0\0\0\0\0\0\0\0\0\0\0\0\0\0\0\0\0\0\0\0\0\0\0\0\0\0\0\0\0\0\0\0\0\0\0\0\0\0\0\0\0\0\0\0\0\0\0\0\0\0\0\0\0\0\0\0\0\0\0\0\0\0\0\0\0\0\0\0\0\0\0\0\0\0\0\0\0\0\0\0\0\0\0\0\0\0\0\0\0\0\0\0\0\0\0\0\0\0\0\0\0\0\0\0\0\0\0\0\0\0\0\0\0\0", 208) = 1
write(15, "CIS_READ ADDRES", 15)        = 1
write(208, "\1\0\0\0\5\0\0\0/usr/bin/st\0\0\0\0\0\0\0\0\0cap\0\0\0\0\0\0\0\0\0\0\0\0\0\0\0\0\0cis\0\0\0\0\0\0\0\0\0\0\0\0\0\0\0\0\0regr\0\0\0\0\0\0\0\0\0\0\0\0\0\0\0\000034a\0\0\0\0\0\0\0\0\0\0\0\0\0\0\0\0\0\0\0\0\0\0\0\0\0\0\0\0\0\0\0\0\0\0\0\0\0\0\0\0\0\0\0\0\0\0\0\0\0\0\0\0\0\0\0\0\0\0\0\0\0\0\0\0\0\0\0\0\0\0\0\0\0\0\0\0\0\0\0\0\0\0\0\0\0\0\0\0\0\0\0\0\0\0\0\0\0\0\0\0\0\0\0\0\0\0\0\0\0\0\0\0\0\0\0\0", 208) = 1
write(15, "CIS_READ ADDRES", 15)        = 1
write(208, "\1\0\0\0\5\0\0\0/usr/bin/st\0\0\0\0\0\0\0\0\0cap\0\0\0\0\0\0\0\0\0\0\0\0\0\0\0\0\0cis\0\0\0\0\0\0\0\0\0\0\0\0\0\0\0\0\0regr\0\0\0\0\0\0\0\0\0\0\0\0\0\0\0\000034c\0\0\0\0\0\0\0\0\0\0\0\0\0\0\0\0\0\0\0\0\0\0\0\0\0\0\0\0\0\0\0\0\0\0\0\0\0\0\0\0\0\0\0\0\0\0\0\0\0\0\0\0\0\0\0\0\0\0\0\0\0\0\0\0\0\0\0\0\0\0\0\0\0\0\0\0\0\0\0\0\0\0\0\0\0\0\0\0\0\0\0\0\0\0\0\0\0\0\0\0\0\0\0\0\0\0\0\0\0\0\0\0\0\0\0\0", 208) = 1
write(15, "CIS_READ ADDRES", 15)        = 1
write(208, "\1\0\0\0\5\0\0\0/usr/bin/st\0\0\0\0\0\0\0\0\0cap\0\0\0\0\0\0\0\0\0\0\0\0\0\0\0\0\0cis\0\0\0\0\0\0\0\0\0\0\0\0\0\0\0\0\0regr\0\0\0\0\0\0\0\0\0\0\0\0\0\0\0\000034e\0\0\0\0\0\0\0\0\0\0\0\0\0\0\0\0\0\0\0\0\0\0\0\0\0\0\0\0\0\0\0\0\0\0\0\0\0\0\0\0\0\0\0\0\0\0\0\0\0\0\0\0\0\0\0\0\0\0\0\0\0\0\0\0\0\0\0\0\0\0\0\0\0\0\0\0\0\0\0\0\0\0\0\0\0\0\0\0\0\0\0\0\0\0\0\0\0\0\0\0\0\0\0\0\0\0\0\0\0\0\0\0\0\0\0\0", 208) = 1
write(15, "CIS_READ ADDRES", 15)        = 1
write(208, "\1\0\0\0\5\0\0\0/usr/bin/st\0\0\0\0\0\0\0\0\0cap\0\0\0\0\0\0\0\0\0\0\0\0\0\0\0\0\0cis\0\0\0\0\0\0\0\0\0\0\0\0\0\0\0\0\0regr\0\0\0\0\0\0\0\0\0\0\0\0\0\0\0\0000380\0\0\0\0\0\0\0\0\0\0\0\0\0\0\0\0\0\0\0\0\0\0\0\0\0\0\0\0\0\0\0\0\0\0\0\0\0\0\0\0\0\0\0\0\0\0\0\0\0\0\0\0\0\0\0\0\0\0\0\0\0\0\0\0\0\0\0\0\0\0\0\0\0\0\0\0\0\0\0\0\0\0\0\0\0\0\0\0\0\0\0\0\0\0\0\0\0\0\0\0\0\0\0\0\0\0\0\0\0\0\0\0\0\0\0\0", 208) = 1
write(15, "CIS_READ ADDRES", 15)        = 1
write(208, "\1\0\0\0\5\0\0\0/usr/bin/st\0\0\0\0\0\0\0\0\0cap\0\0\0\0\0\0\0\0\0\0\0\0\0\0\0\0\0cis\0\0\0\0\0\0\0\0\0\0\0\0\0\0\0\0\0regr\0\0\0\0\0\0\0\0\0\0\0\0\0\0\0\0000382\0\0\0\0\0\0\0\0\0\0\0\0\0\0\0\0\0\0\0\0\0\0\0\0\0\0\0\0\0\0\0\0\0\0\0\0\0\0\0\0\0\0\0\0\0\0\0\0\0\0\0\0\0\0\0\0\0\0\0\0\0\0\0\0\0\0\0\0\0\0\0\0\0\0\0\0\0\0\0\0\0\0\0\0\0\0\0\0\0\0\0\0\0\0\0\0\0\0\0\0\0\0\0\0\0\0\0\0\0\0\0\0\0\0\0\0", 208) = 1
write(15, "CIS_READ ADDRES", 15)        = 1
write(208, "\1\0\0\0\5\0\0\0/usr/bin/st\0\0\0\0\0\0\0\0\0cap\0\0\0\0\0\0\0\0\0\0\0\0\0\0\0\0\0cis\0\0\0\0\0\0\0\0\0\0\0\0\0\0\0\0\0regr\0\0\0\0\0\0\0\0\0\0\0\0\0\0\0\0000384\0\0\0\0\0\0\0\0\0\0\0\0\0\0\0\0\0\0\0\0\0\0\0\0\0\0\0\0\0\0\0\0\0\0\0\0\0\0\0\0\0\0\0\0\0\0\0\0\0\0\0\0\0\0\0\0\0\0\0\0\0\0\0\0\0\0\0\0\0\0\0\0\0\0\0\0\0\0\0\0\0\0\0\0\0\0\0\0\0\0\0\0\0\0\0\0\0\0\0\0\0\0\0\0\0\0\0\0\0\0\0\0\0\0\0\0", 208) = 1
write(15, "CIS_READ ADDRES", 15)        = 1
write(208, "\1\0\0\0\5\0\0\0/usr/bin/st\0\0\0\0\0\0\0\0\0cap\0\0\0\0\0\0\0\0\0\0\0\0\0\0\0\0\0cis\0\0\0\0\0\0\0\0\0\0\0\0\0\0\0\0\0regr\0\0\0\0\0\0\0\0\0\0\0\0\0\0\0\0000386\0\0\0\0\0\0\0\0\0\0\0\0\0\0\0\0\0\0\0\0\0\0\0\0\0\0\0\0\0\0\0\0\0\0\0\0\0\0\0\0\0\0\0\0\0\0\0\0\0\0\0\0\0\0\0\0\0\0\0\0\0\0\0\0\0\0\0\0\0\0\0\0\0\0\0\0\0\0\0\0\0\0\0\0\0\0\0\0\0\0\0\0\0\0\0\0\0\0\0\0\0\0\0\0\0\0\0\0\0\0\0\0\0\0\0\0", 208) = 1
write(15, "CIS_READ ADDRES", 15)        = 1
write(208, "\1\0\0\0\5\0\0\0/usr/bin/st\0\0\0\0\0\0\0\0\0cap\0\0\0\0\0\0\0\0\0\0\0\0\0\0\0\0\0cis\0\0\0\0\0\0\0\0\0\0\0\0\0\0\0\0\0regr\0\0\0\0\0\0\0\0\0\0\0\0\0\0\0\0000900\0\0\0\0\0\0\0\0\0\0\0\0\0\0\0\0\0\0\0\0\0\0\0\0\0\0\0\0\0\0\0\0\0\0\0\0\0\0\0\0\0\0\0\0\0\0\0\0\0\0\0\0\0\0\0\0\0\0\0\0\0\0\0\0\0\0\0\0\0\0\0\0\0\0\0\0\0\0\0\0\0\0\0\0\0\0\0\0\0\0\0\0\0\0\0\0\0\0\0\0\0\0\0\0\0\0\0\0\0\0\0\0\0\0\0\0", 208) = 1
write(15, "CIS_READ ADDRES", 15)        = 1
write(208, "\1\0\0\0\5\0\0\0/usr/bin/st\0\0\0\0\0\0\0\0\0cap\0\0\0\0\0\0\0\0\0\0\0\0\0\0\0\0\0cis\0\0\0\0\0\0\0\0\0\0\0\0\0\0\0\0\0regr\0\0\0\0\0\0\0\0\0\0\0\0\0\0\0\0000901\0\0\0\0\0\0\0\0\0\0\0\0\0\0\0\0\0\0\0\0\0\0\0\0\0\0\0\0\0\0\0\0\0\0\0\0\0\0\0\0\0\0\0\0\0\0\0\0\0\0\0\0\0\0\0\0\0\0\0\0\0\0\0\0\0\0\0\0\0\0\0\0\0\0\0\0\0\0\0\0\0\0\0\0\0\0\0\0\0\0\0\0\0\0\0\0\0\0\0\0\0\0\0\0\0\0\0\0\0\0\0\0\0\0\0\0", 208) = 1
write(15, "CIS_READ ADDRES", 15)        = 1
write(208, "\1\0\0\0\5\0\0\0/usr/bin/st\0\0\0\0\0\0\0\0\0cap\0\0\0\0\0\0\0\0\0\0\0\0\0\0\0\0\0cis\0\0\0\0\0\0\0\0\0\0\0\0\0\0\0\0\0regr\0\0\0\0\0\0\0\0\0\0\0\0\0\0\0\0003142\0\0\0\0\0\0\0\0\0\0\0\0\0\0\0\0\0\0\0\0\0\0\0\0\0\0\0\0\0\0\0\0\0\0\0\0\0\0\0\0\0\0\0\0\0\0\0\0\0\0\0\0\0\0\0\0\0\0\0\0\0\0\0\0\0\0\0\0\0\0\0\0\0\0\0\0\0\0\0\0\0\0\0\0\0\0\0\0\0\0\0\0\0\0\0\0\0\0\0\0\0\0\0\0\0\0\0\0\0\0\0\0\0\0\0\0", 208) = 1
write(15, "CIS_READ ADDRES", 15)        = 1
write(208, "\1\0\0\0\5\0\0\0/usr/bin/st\0\0\0\0\0\0\0\0\0cap\0\0\0\0\0\0\0\0\0\0\0\0\0\0\0\0\0cis\0\0\0\0\0\0\0\0\0\0\0\0\0\0\0\0\0regr\0\0\0\0\0\0\0\0\0\0\0\0\0\0\0\0003148\0\0\0\0\0\0\0\0\0\0\0\0\0\0\0\0\0\0\0\0\0\0\0\0\0\0\0\0\0\0\0\0\0\0\0\0\0\0\0\0\0\0\0\0\0\0\0\0\0\0\0\0\0\0\0\0\0\0\0\0\0\0\0\0\0\0\0\0\0\0\0\0\0\0\0\0\0\0\0\0\0\0\0\0\0\0\0\0\0\0\0\0\0\0\0\0\0\0\0\0\0\0\0\0\0\0\0\0\0\0\0\0\0\0\0\0", 208) = 1
write(15, "CIS_READ ADDRES", 15)        = 1
write(208, "\1\0\0\0\5\0\0\0/usr/bin/st\0\0\0\0\0\0\0\0\0cap\0\0\0\0\0\0\0\0\0\0\0\0\0\0\0\0\0cis\0\0\0\0\0\0\0\0\0\0\0\0\0\0\0\0\0regr\0\0\0\0\0\0\0\0\0\0\0\0\0\0\0\000314a\0\0\0\0\0\0\0\0\0\0\0\0\0\0\0\0\0\0\0\0\0\0\0\0\0\0\0\0\0\0\0\0\0\0\0\0\0\0\0\0\0\0\0\0\0\0\0\0\0\0\0\0\0\0\0\0\0\0\0\0\0\0\0\0\0\0\0\0\0\0\0\0\0\0\0\0\0\0\0\0\0\0\0\0\0\0\0\0\0\0\0\0\0\0\0\0\0\0\0\0\0\0\0\0\0\0\0\0\0\0\0\0\0\0\0\0", 208) = 1
write(15, "CIS_READ ADDRES", 15)        = 1
write(208, "\1\0\0\0\5\0\0\0/usr/bin/st\0\0\0\0\0\0\0\0\0cap\0\0\0\0\0\0\0\0\0\0\0\0\0\0\0\0\0cis\0\0\0\0\0\0\0\0\0\0\0\0\0\0\0\0\0regr\0\0\0\0\0\0\0\0\0\0\0\0\0\0\0\00031d2\0\0\0\0\0\0\0\0\0\0\0\0\0\0\0\0\0\0\0\0\0\0\0\0\0\0\0\0\0\0\0\0\0\0\0\0\0\0\0\0\0\0\0\0\0\0\0\0\0\0\0\0\0\0\0\0\0\0\0\0\0\0\0\0\0\0\0\0\0\0\0\0\0\0\0\0\0\0\0\0\0\0\0\0\0\0\0\0\0\0\0\0\0\0\0\0\0\0\0\0\0\0\0\0\0\0\0\0\0\0\0\0\0\0\0\0", 208) = 1
write(15, "CIS_READ ADDRES", 15)        = 1
write(208, "\1\0\0\0\5\0\0\0/usr/bin/st\0\0\0\0\0\0\0\0\0cap\0\0\0\0\0\0\0\0\0\0\0\0\0\0\0\0\0cis\0\0\0\0\0\0\0\0\0\0\0\0\0\0\0\0\0regr\0\0\0\0\0\0\0\0\0\0\0\0\0\0\0\0003224\0\0\0\0\0\0\0\0\0\0\0\0\0\0\0\0\0\0\0\0\0\0\0\0\0\0\0\0\0\0\0\0\0\0\0\0\0\0\0\0\0\0\0\0\0\0\0\0\0\0\0\0\0\0\0\0\0\0\0\0\0\0\0\0\0\0\0\0\0\0\0\0\0\0\0\0\0\0\0\0\0\0\0\0\0\0\0\0\0\0\0\0\0\0\0\0\0\0\0\0\0\0\0\0\0\0\0\0\0\0\0\0\0\0\0\0", 208) = 1
write(15, "CIS_READ ADDRES", 15)        = 1
write(208, "\1\0\0\0\5\0\0\0/usr/bin/st\0\0\0\0\0\0\0\0\0cap\0\0\0\0\0\0\0\0\0\0\0\0\0\0\0\0\0cis\0\0\0\0\0\0\0\0\0\0\0\0\0\0\0\0\0regr\0\0\0\0\0\0\0\0\0\0\0\0\0\0\0\0003226\0\0\0\0\0\0\0\0\0\0\0\0\0\0\0\0\0\0\0\0\0\0\0\0\0\0\0\0\0\0\0\0\0\0\0\0\0\0\0\0\0\0\0\0\0\0\0\0\0\0\0\0\0\0\0\0\0\0\0\0\0\0\0\0\0\0\0\0\0\0\0\0\0\0\0\0\0\0\0\0\0\0\0\0\0\0\0\0\0\0\0\0\0\0\0\0\0\0\0\0\0\0\0\0\0\0\0\0\0\0\0\0\0\0\0\0", 208) = 1
write(15, "CIS_READ ADDRES", 15)        = 1
write(208, "\1\0\0\0\5\0\0\0/usr/bin/st\0\0\0\0\0\0\0\0\0cap\0\0\0\0\0\0\0\0\0\0\0\0\0\0\0\0\0cis\0\0\0\0\0\0\0\0\0\0\0\0\0\0\0\0\0regr\0\0\0\0\0\0\0\0\0\0\0\0\0\0\0\0003228\0\0\0\0\0\0\0\0\0\0\0\0\0\0\0\0\0\0\0\0\0\0\0\0\0\0\0\0\0\0\0\0\0\0\0\0\0\0\0\0\0\0\0\0\0\0\0\0\0\0\0\0\0\0\0\0\0\0\0\0\0\0\0\0\0\0\0\0\0\0\0\0\0\0\0\0\0\0\0\0\0\0\0\0\0\0\0\0\0\0\0\0\0\0\0\0\0\0\0\0\0\0\0\0\0\0\0\0\0\0\0\0\0\0\0\0", 208) = 1
write(15, "CIS_READ ADDRES", 15)        = 1
write(208, "\1\0\0\0\5\0\0\0/usr/bin/st\0\0\0\0\0\0\0\0\0cap\0\0\0\0\0\0\0\0\0\0\0\0\0\0\0\0\0cis\0\0\0\0\0\0\0\0\0\0\0\0\0\0\0\0\0regr\0\0\0\0\0\0\0\0\0\0\0\0\0\0\0\000322a\0\0\0\0\0\0\0\0\0\0\0\0\0\0\0\0\0\0\0\0\0\0\0\0\0\0\0\0\0\0\0\0\0\0\0\0\0\0\0\0\0\0\0\0\0\0\0\0\0\0\0\0\0\0\0\0\0\0\0\0\0\0\0\0\0\0\0\0\0\0\0\0\0\0\0\0\0\0\0\0\0\0\0\0\0\0\0\0\0\0\0\0\0\0\0\0\0\0\0\0\0\0\0\0\0\0\0\0\0\0\0\0\0\0\0\0", 208) = 1
write(15, "CIS_READ ADDRES", 15)        = 1
write(208, "\1\0\0\0\5\0\0\0/usr/bin/st\0\0\0\0\0\0\0\0\0cap\0\0\0\0\0\0\0\0\0\0\0\0\0\0\0\0\0cis\0\0\0\0\0\0\0\0\0\0\0\0\0\0\0\0\0regr\0\0\0\0\0\0\0\0\0\0\0\0\0\0\0\0003242\0\0\0\0\0\0\0\0\0\0\0\0\0\0\0\0\0\0\0\0\0\0\0\0\0\0\0\0\0\0\0\0\0\0\0\0\0\0\0\0\0\0\0\0\0\0\0\0\0\0\0\0\0\0\0\0\0\0\0\0\0\0\0\0\0\0\0\0\0\0\0\0\0\0\0\0\0\0\0\0\0\0\0\0\0\0\0\0\0\0\0\0\0\0\0\0\0\0\0\0\0\0\0\0\0\0\0\0\0\0\0\0\0\0\0\0", 208) = 1
write(15, "CIS_READ ADDRES", 15)        = 1
write(208, "\1\0\0\0\5\0\0\0/usr/bin/st\0\0\0\0\0\0\0\0\0cap\0\0\0\0\0\0\0\0\0\0\0\0\0\0\0\0\0cis\0\0\0\0\0\0\0\0\0\0\0\0\0\0\0\0\0regr\0\0\0\0\0\0\0\0\0\0\0\0\0\0\0\0003252\0\0\0\0\0\0\0\0\0\0\0\0\0\0\0\0\0\0\0\0\0\0\0\0\0\0\0\0\0\0\0\0\0\0\0\0\0\0\0\0\0\0\0\0\0\0\0\0\0\0\0\0\0\0\0\0\0\0\0\0\0\0\0\0\0\0\0\0\0\0\0\0\0\0\0\0\0\0\0\0\0\0\0\0\0\0\0\0\0\0\0\0\0\0\0\0\0\0\0\0\0\0\0\0\0\0\0\0\0\0\0\0\0\0\0\0", 208) = 1
write(15, "CIS_READ ADDRES", 15)        = 1
write(208, "\1\0\0\0\5\0\0\0/usr/bin/st\0\0\0\0\0\0\0\0\0cap\0\0\0\0\0\0\0\0\0\0\0\0\0\0\0\0\0cis\0\0\0\0\0\0\0\0\0\0\0\0\0\0\0\0\0regr\0\0\0\0\0\0\0\0\0\0\0\0\0\0\0\0003404\0\0\0\0\0\0\0\0\0\0\0\0\0\0\0\0\0\0\0\0\0\0\0\0\0\0\0\0\0\0\0\0\0\0\0\0\0\0\0\0\0\0\0\0\0\0\0\0\0\0\0\0\0\0\0\0\0\0\0\0\0\0\0\0\0\0\0\0\0\0\0\0\0\0\0\0\0\0\0\0\0\0\0\0\0\0\0\0\0\0\0\0\0\0\0\0\0\0\0\0\0\0\0\0\0\0\0\0\0\0\0\0\0\0\0\0", 208) = 1
write(15, "CIS_READ ADDRES", 15)        = 1
write(208, "\1\0\0\0\5\0\0\0/usr/bin/st\0\0\0\0\0\0\0\0\0cap\0\0\0\0\0\0\0\0\0\0\0\0\0\0\0\0\0cis\0\0\0\0\0\0\0\0\0\0\0\0\0\0\0\0\0regr\0\0\0\0\0\0\0\0\0\0\0\0\0\0\0\0003406\0\0\0\0\0\0\0\0\0\0\0\0\0\0\0\0\0\0\0\0\0\0\0\0\0\0\0\0\0\0\0\0\0\0\0\0\0\0\0\0\0\0\0\0\0\0\0\0\0\0\0\0\0\0\0\0\0\0\0\0\0\0\0\0\0\0\0\0\0\0\0\0\0\0\0\0\0\0\0\0\0\0\0\0\0\0\0\0\0\0\0\0\0\0\0\0\0\0\0\0\0\0\0\0\0\0\0\0\0\0\0\0\0\0\0\0", 208) = 1
write(15, "CIS_READ ADDRES", 15)        = 1
write(208, "\1\0\0\0\5\0\0\0/usr/bin/st\0\0\0\0\0\0\0\0\0cap\0\0\0\0\0\0\0\0\0\0\0\0\0\0\0\0\0cis\0\0\0\0\0\0\0\0\0\0\0\0\0\0\0\0\0regr\0\0\0\0\0\0\0\0\0\0\0\0\0\0\0\0003408\0\0\0\0\0\0\0\0\0\0\0\0\0\0\0\0\0\0\0\0\0\0\0\0\0\0\0\0\0\0\0\0\0\0\0\0\0\0\0\0\0\0\0\0\0\0\0\0\0\0\0\0\0\0\0\0\0\0\0\0\0\0\0\0\0\0\0\0\0\0\0\0\0\0\0\0\0\0\0\0\0\0\0\0\0\0\0\0\0\0\0\0\0\0\0\0\0\0\0\0\0\0\0\0\0\0\0\0\0\0\0\0\0\0\0\0", 208) = 1
write(15, "CIS_READ ADDRES", 15)        = 1
write(208, "\1\0\0\0\5\0\0\0/usr/bin/st\0\0\0\0\0\0\0\0\0cap\0\0\0\0\0\0\0\0\0\0\0\0\0\0\0\0\0cis\0\0\0\0\0\0\0\0\0\0\0\0\0\0\0\0\0regr\0\0\0\0\0\0\0\0\0\0\0\0\0\0\0\0003416\0\0\0\0\0\0\0\0\0\0\0\0\0\0\0\0\0\0\0\0\0\0\0\0\0\0\0\0\0\0\0\0\0\0\0\0\0\0\0\0\0\0\0\0\0\0\0\0\0\0\0\0\0\0\0\0\0\0\0\0\0\0\0\0\0\0\0\0\0\0\0\0\0\0\0\0\0\0\0\0\0\0\0\0\0\0\0\0\0\0\0\0\0\0\0\0\0\0\0\0\0\0\0\0\0\0\0\0\0\0\0\0\0\0\0\0", 208) = 1
write(15, "CIS_READ ADDRES", 15)        = 1
write(208, "\1\0\0\0\5\0\0\0/usr/bin/st\0\0\0\0\0\0\0\0\0cap\0\0\0\0\0\0\0\0\0\0\0\0\0\0\0\0\0cis\0\0\0\0\0\0\0\0\0\0\0\0\0\0\0\0\0regr\0\0\0\0\0\0\0\0\0\0\0\0\0\0\0\0003418\0\0\0\0\0\0\0\0\0\0\0\0\0\0\0\0\0\0\0\0\0\0\0\0\0\0\0\0\0\0\0\0\0\0\0\0\0\0\0\0\0\0\0\0\0\0\0\0\0\0\0\0\0\0\0\0\0\0\0\0\0\0\0\0\0\0\0\0\0\0\0\0\0\0\0\0\0\0\0\0\0\0\0\0\0\0\0\0\0\0\0\0\0\0\0\0\0\0\0\0\0\0\0\0\0\0\0\0\0\0\0\0\0\0\0\0", 208) = 1
write(15, "CIS_READ ADDRES", 15)        = 1
write(208, "\1\0\0\0\5\0\0\0/usr/bin/st\0\0\0\0\0\0\0\0\0cap\0\0\0\0\0\0\0\0\0\0\0\0\0\0\0\0\0cis\0\0\0\0\0\0\0\0\0\0\0\0\0\0\0\0\0regr\0\0\0\0\0\0\0\0\0\0\0\0\0\0\0\000341a\0\0\0\0\0\0\0\0\0\0\0\0\0\0\0\0\0\0\0\0\0\0\0\0\0\0\0\0\0\0\0\0\0\0\0\0\0\0\0\0\0\0\0\0\0\0\0\0\0\0\0\0\0\0\0\0\0\0\0\0\0\0\0\0\0\0\0\0\0\0\0\0\0\0\0\0\0\0\0\0\0\0\0\0\0\0\0\0\0\0\0\0\0\0\0\0\0\0\0\0\0\0\0\0\0\0\0\0\0\0\0\0\0\0\0\0", 208) = 1
write(15, "CIS_READ ADDRES", 15)        = 1
write(208, "\1\0\0\0\5\0\0\0/usr/bin/st\0\0\0\0\0\0\0\0\0cap\0\0\0\0\0\0\0\0\0\0\0\0\0\0\0\0\0cis\0\0\0\0\0\0\0\0\0\0\0\0\0\0\0\0\0regr\0\0\0\0\0\0\0\0\0\0\0\0\0\0\0\000341c\0\0\0\0\0\0\0\0\0\0\0\0\0\0\0\0\0\0\0\0\0\0\0\0\0\0\0\0\0\0\0\0\0\0\0\0\0\0\0\0\0\0\0\0\0\0\0\0\0\0\0\0\0\0\0\0\0\0\0\0\0\0\0\0\0\0\0\0\0\0\0\0\0\0\0\0\0\0\0\0\0\0\0\0\0\0\0\0\0\0\0\0\0\0\0\0\0\0\0\0\0\0\0\0\0\0\0\0\0\0\0\0\0\0\0\0", 208) = 1
write(15, "CIS_READ ADDRES", 15)        = 1
write(208, "\1\0\0\0\5\0\0\0/usr/bin/st\0\0\0\0\0\0\0\0\0cap\0\0\0\0\0\0\0\0\0\0\0\0\0\0\0\0\0cis\0\0\0\0\0\0\0\0\0\0\0\0\0\0\0\0\0regr\0\0\0\0\0\0\0\0\0\0\0\0\0\0\0\000341e\0\0\0\0\0\0\0\0\0\0\0\0\0\0\0\0\0\0\0\0\0\0\0\0\0\0\0\0\0\0\0\0\0\0\0\0\0\0\0\0\0\0\0\0\0\0\0\0\0\0\0\0\0\0\0\0\0\0\0\0\0\0\0\0\0\0\0\0\0\0\0\0\0\0\0\0\0\0\0\0\0\0\0\0\0\0\0\0\0\0\0\0\0\0\0\0\0\0\0\0\0\0\0\0\0\0\0\0\0\0\0\0\0\0\0\0", 208) = 1
write(15, "CIS_READ ADDRES", 15)        = 1
write(208, "\1\0\0\0\5\0\0\0/usr/bin/st\0\0\0\0\0\0\0\0\0cap\0\0\0\0\0\0\0\0\0\0\0\0\0\0\0\0\0cis\0\0\0\0\0\0\0\0\0\0\0\0\0\0\0\0\0regr\0\0\0\0\0\0\0\0\0\0\0\0\0\0\0\0003420\0\0\0\0\0\0\0\0\0\0\0\0\0\0\0\0\0\0\0\0\0\0\0\0\0\0\0\0\0\0\0\0\0\0\0\0\0\0\0\0\0\0\0\0\0\0\0\0\0\0\0\0\0\0\0\0\0\0\0\0\0\0\0\0\0\0\0\0\0\0\0\0\0\0\0\0\0\0\0\0\0\0\0\0\0\0\0\0\0\0\0\0\0\0\0\0\0\0\0\0\0\0\0\0\0\0\0\0\0\0\0\0\0\0\0\0", 208) = 1
write(15, "CIS_READ ADDRES", 15)        = 1
write(208, "\1\0\0\0\5\0\0\0/usr/bin/st\0\0\0\0\0\0\0\0\0cap\0\0\0\0\0\0\0\0\0\0\0\0\0\0\0\0\0cis\0\0\0\0\0\0\0\0\0\0\0\0\0\0\0\0\0regr\0\0\0\0\0\0\0\0\0\0\0\0\0\0\0\0003422\0\0\0\0\0\0\0\0\0\0\0\0\0\0\0\0\0\0\0\0\0\0\0\0\0\0\0\0\0\0\0\0\0\0\0\0\0\0\0\0\0\0\0\0\0\0\0\0\0\0\0\0\0\0\0\0\0\0\0\0\0\0\0\0\0\0\0\0\0\0\0\0\0\0\0\0\0\0\0\0\0\0\0\0\0\0\0\0\0\0\0\0\0\0\0\0\0\0\0\0\0\0\0\0\0\0\0\0\0\0\0\0\0\0\0\0", 208) = 1
write(15, "CIS_READ ADDRES", 15)        = 1
write(208, "\1\0\0\0\5\0\0\0/usr/bin/st\0\0\0\0\0\0\0\0\0cap\0\0\0\0\0\0\0\0\0\0\0\0\0\0\0\0\0cis\0\0\0\0\0\0\0\0\0\0\0\0\0\0\0\0\0regr\0\0\0\0\0\0\0\0\0\0\0\0\0\0\0\0003424\0\0\0\0\0\0\0\0\0\0\0\0\0\0\0\0\0\0\0\0\0\0\0\0\0\0\0\0\0\0\0\0\0\0\0\0\0\0\0\0\0\0\0\0\0\0\0\0\0\0\0\0\0\0\0\0\0\0\0\0\0\0\0\0\0\0\0\0\0\0\0\0\0\0\0\0\0\0\0\0\0\0\0\0\0\0\0\0\0\0\0\0\0\0\0\0\0\0\0\0\0\0\0\0\0\0\0\0\0\0\0\0\0\0\0\0", 208) = 1
write(15, "CIS_READ ADDRES", 15)        = 1
write(208, "\1\0\0\0\5\0\0\0/usr/bin/st\0\0\0\0\0\0\0\0\0cap\0\0\0\0\0\0\0\0\0\0\0\0\0\0\0\0\0cis\0\0\0\0\0\0\0\0\0\0\0\0\0\0\0\0\0regr\0\0\0\0\0\0\0\0\0\0\0\0\0\0\0\0003426\0\0\0\0\0\0\0\0\0\0\0\0\0\0\0\0\0\0\0\0\0\0\0\0\0\0\0\0\0\0\0\0\0\0\0\0\0\0\0\0\0\0\0\0\0\0\0\0\0\0\0\0\0\0\0\0\0\0\0\0\0\0\0\0\0\0\0\0\0\0\0\0\0\0\0\0\0\0\0\0\0\0\0\0\0\0\0\0\0\0\0\0\0\0\0\0\0\0\0\0\0\0\0\0\0\0\0\0\0\0\0\0\0\0\0\0", 208) = 1
write(15, "CIS_READ ADDRES", 15)        = 1
write(208, "\1\0\0\0\5\0\0\0/usr/bin/st\0\0\0\0\0\0\0\0\0cap\0\0\0\0\0\0\0\0\0\0\0\0\0\0\0\0\0cis\0\0\0\0\0\0\0\0\0\0\0\0\0\0\0\0\0regr\0\0\0\0\0\0\0\0\0\0\0\0\0\0\0\000342a\0\0\0\0\0\0\0\0\0\0\0\0\0\0\0\0\0\0\0\0\0\0\0\0\0\0\0\0\0\0\0\0\0\0\0\0\0\0\0\0\0\0\0\0\0\0\0\0\0\0\0\0\0\0\0\0\0\0\0\0\0\0\0\0\0\0\0\0\0\0\0\0\0\0\0\0\0\0\0\0\0\0\0\0\0\0\0\0\0\0\0\0\0\0\0\0\0\0\0\0\0\0\0\0\0\0\0\0\0\0\0\0\0\0\0\0", 208) = 1
write(15, "CIS_READ ADDRES", 15)        = 1
write(208, "\1\0\0\0\5\0\0\0/usr/bin/st\0\0\0\0\0\0\0\0\0cap\0\0\0\0\0\0\0\0\0\0\0\0\0\0\0\0\0cis\0\0\0\0\0\0\0\0\0\0\0\0\0\0\0\0\0regr\0\0\0\0\0\0\0\0\0\0\0\0\0\0\0\000342c\0\0\0\0\0\0\0\0\0\0\0\0\0\0\0\0\0\0\0\0\0\0\0\0\0\0\0\0\0\0\0\0\0\0\0\0\0\0\0\0\0\0\0\0\0\0\0\0\0\0\0\0\0\0\0\0\0\0\0\0\0\0\0\0\0\0\0\0\0\0\0\0\0\0\0\0\0\0\0\0\0\0\0\0\0\0\0\0\0\0\0\0\0\0\0\0\0\0\0\0\0\0\0\0\0\0\0\0\0\0\0\0\0\0\0\0", 208) = 1
write(15, "CIS_READ ADDRES", 15)        = 1
write(208, "\1\0\0\0\5\0\0\0/usr/bin/st\0\0\0\0\0\0\0\0\0cap\0\0\0\0\0\0\0\0\0\0\0\0\0\0\0\0\0cis\0\0\0\0\0\0\0\0\0\0\0\0\0\0\0\0\0regr\0\0\0\0\0\0\0\0\0\0\0\0\0\0\0\000342e\0\0\0\0\0\0\0\0\0\0\0\0\0\0\0\0\0\0\0\0\0\0\0\0\0\0\0\0\0\0\0\0\0\0\0\0\0\0\0\0\0\0\0\0\0\0\0\0\0\0\0\0\0\0\0\0\0\0\0\0\0\0\0\0\0\0\0\0\0\0\0\0\0\0\0\0\0\0\0\0\0\0\0\0\0\0\0\0\0\0\0\0\0\0\0\0\0\0\0\0\0\0\0\0\0\0\0\0\0\0\0\0\0\0\0\0", 208) = 1
write(15, "CIS_READ ADDRES", 15)        = 1
write(208, "\1\0\0\0\5\0\0\0/usr/bin/st\0\0\0\0\0\0\0\0\0cap\0\0\0\0\0\0\0\0\0\0\0\0\0\0\0\0\0cis\0\0\0\0\0\0\0\0\0\0\0\0\0\0\0\0\0regr\0\0\0\0\0\0\0\0\0\0\0\0\0\0\0\0003430\0\0\0\0\0\0\0\0\0\0\0\0\0\0\0\0\0\0\0\0\0\0\0\0\0\0\0\0\0\0\0\0\0\0\0\0\0\0\0\0\0\0\0\0\0\0\0\0\0\0\0\0\0\0\0\0\0\0\0\0\0\0\0\0\0\0\0\0\0\0\0\0\0\0\0\0\0\0\0\0\0\0\0\0\0\0\0\0\0\0\0\0\0\0\0\0\0\0\0\0\0\0\0\0\0\0\0\0\0\0\0\0\0\0\0\0", 208) = 1
write(15, "CIS_READ ADDRES", 15)        = 1
write(208, "\1\0\0\0\5\0\0\0/usr/bin/st\0\0\0\0\0\0\0\0\0cap\0\0\0\0\0\0\0\0\0\0\0\0\0\0\0\0\0cis\0\0\0\0\0\0\0\0\0\0\0\0\0\0\0\0\0regr\0\0\0\0\0\0\0\0\0\0\0\0\0\0\0\0003432\0\0\0\0\0\0\0\0\0\0\0\0\0\0\0\0\0\0\0\0\0\0\0\0\0\0\0\0\0\0\0\0\0\0\0\0\0\0\0\0\0\0\0\0\0\0\0\0\0\0\0\0\0\0\0\0\0\0\0\0\0\0\0\0\0\0\0\0\0\0\0\0\0\0\0\0\0\0\0\0\0\0\0\0\0\0\0\0\0\0\0\0\0\0\0\0\0\0\0\0\0\0\0\0\0\0\0\0\0\0\0\0\0\0\0\0", 208) = 1
write(15, "CIS_READ ADDRES", 15)        = 1
write(208, "\1\0\0\0\5\0\0\0/usr/bin/st\0\0\0\0\0\0\0\0\0cap\0\0\0\0\0\0\0\0\0\0\0\0\0\0\0\0\0cis\0\0\0\0\0\0\0\0\0\0\0\0\0\0\0\0\0regr\0\0\0\0\0\0\0\0\0\0\0\0\0\0\0\0003434\0\0\0\0\0\0\0\0\0\0\0\0\0\0\0\0\0\0\0\0\0\0\0\0\0\0\0\0\0\0\0\0\0\0\0\0\0\0\0\0\0\0\0\0\0\0\0\0\0\0\0\0\0\0\0\0\0\0\0\0\0\0\0\0\0\0\0\0\0\0\0\0\0\0\0\0\0\0\0\0\0\0\0\0\0\0\0\0\0\0\0\0\0\0\0\0\0\0\0\0\0\0\0\0\0\0\0\0\0\0\0\0\0\0\0\0", 208) = 1
write(15, "CIS_READ ADDRES", 15)        = 1
write(208, "\1\0\0\0\5\0\0\0/usr/bin/st\0\0\0\0\0\0\0\0\0cap\0\0\0\0\0\0\0\0\0\0\0\0\0\0\0\0\0cis\0\0\0\0\0\0\0\0\0\0\0\0\0\0\0\0\0regr\0\0\0\0\0\0\0\0\0\0\0\0\0\0\0\000343c\0\0\0\0\0\0\0\0\0\0\0\0\0\0\0\0\0\0\0\0\0\0\0\0\0\0\0\0\0\0\0\0\0\0\0\0\0\0\0\0\0\0\0\0\0\0\0\0\0\0\0\0\0\0\0\0\0\0\0\0\0\0\0\0\0\0\0\0\0\0\0\0\0\0\0\0\0\0\0\0\0\0\0\0\0\0\0\0\0\0\0\0\0\0\0\0\0\0\0\0\0\0\0\0\0\0\0\0\0\0\0\0\0\0\0\0", 208) = 1
write(15, "CIS_READ ADDRES", 15)        = 1
write(208, "\1\0\0\0\5\0\0\0/usr/bin/st\0\0\0\0\0\0\0\0\0cap\0\0\0\0\0\0\0\0\0\0\0\0\0\0\0\0\0cis\0\0\0\0\0\0\0\0\0\0\0\0\0\0\0\0\0regr\0\0\0\0\0\0\0\0\0\0\0\0\0\0\0\000343e\0\0\0\0\0\0\0\0\0\0\0\0\0\0\0\0\0\0\0\0\0\0\0\0\0\0\0\0\0\0\0\0\0\0\0\0\0\0\0\0\0\0\0\0\0\0\0\0\0\0\0\0\0\0\0\0\0\0\0\0\0\0\0\0\0\0\0\0\0\0\0\0\0\0\0\0\0\0\0\0\0\0\0\0\0\0\0\0\0\0\0\0\0\0\0\0\0\0\0\0\0\0\0\0\0\0\0\0\0\0\0\0\0\0\0\0", 208) = 1
write(15, "CIS_READ ADDRES", 15)        = 1
write(208, "\1\0\0\0\5\0\0\0/usr/bin/st\0\0\0\0\0\0\0\0\0cap\0\0\0\0\0\0\0\0\0\0\0\0\0\0\0\0\0cis\0\0\0\0\0\0\0\0\0\0\0\0\0\0\0\0\0regr\0\0\0\0\0\0\0\0\0\0\0\0\0\0\0\0003440\0\0\0\0\0\0\0\0\0\0\0\0\0\0\0\0\0\0\0\0\0\0\0\0\0\0\0\0\0\0\0\0\0\0\0\0\0\0\0\0\0\0\0\0\0\0\0\0\0\0\0\0\0\0\0\0\0\0\0\0\0\0\0\0\0\0\0\0\0\0\0\0\0\0\0\0\0\0\0\0\0\0\0\0\0\0\0\0\0\0\0\0\0\0\0\0\0\0\0\0\0\0\0\0\0\0\0\0\0\0\0\0\0\0\0\0", 208) = 1
write(15, "CIS_READ ADDRES", 15)        = 1
write(208, "\1\0\0\0\5\0\0\0/usr/bin/st\0\0\0\0\0\0\0\0\0cap\0\0\0\0\0\0\0\0\0\0\0\0\0\0\0\0\0cis\0\0\0\0\0\0\0\0\0\0\0\0\0\0\0\0\0regr\0\0\0\0\0\0\0\0\0\0\0\0\0\0\0\0003466\0\0\0\0\0\0\0\0\0\0\0\0\0\0\0\0\0\0\0\0\0\0\0\0\0\0\0\0\0\0\0\0\0\0\0\0\0\0\0\0\0\0\0\0\0\0\0\0\0\0\0\0\0\0\0\0\0\0\0\0\0\0\0\0\0\0\0\0\0\0\0\0\0\0\0\0\0\0\0\0\0\0\0\0\0\0\0\0\0\0\0\0\0\0\0\0\0\0\0\0\0\0\0\0\0\0\0\0\0\0\0\0\0\0\0\0", 208) = 1
write(15, "CIS_READ ADDRES", 15)        = 1
write(208, "\1\0\0\0\5\0\0\0/usr/bin/st\0\0\0\0\0\0\0\0\0cap\0\0\0\0\0\0\0\0\0\0\0\0\0\0\0\0\0cis\0\0\0\0\0\0\0\0\0\0\0\0\0\0\0\0\0regr\0\0\0\0\0\0\0\0\0\0\0\0\0\0\0\000347a\0\0\0\0\0\0\0\0\0\0\0\0\0\0\0\0\0\0\0\0\0\0\0\0\0\0\0\0\0\0\0\0\0\0\0\0\0\0\0\0\0\0\0\0\0\0\0\0\0\0\0\0\0\0\0\0\0\0\0\0\0\0\0\0\0\0\0\0\0\0\0\0\0\0\0\0\0\0\0\0\0\0\0\0\0\0\0\0\0\0\0\0\0\0\0\0\0\0\0\0\0\0\0\0\0\0\0\0\0\0\0\0\0\0\0\0", 208) = 1
write(15, "CIS_READ ADDRES", 15)        = 1
write(208, "\1\0\0\0\5\0\0\0/usr/bin/st\0\0\0\0\0\0\0\0\0cap\0\0\0\0\0\0\0\0\0\0\0\0\0\0\0\0\0cis\0\0\0\0\0\0\0\0\0\0\0\0\0\0\0\0\0regr\0\0\0\0\0\0\0\0\0\0\0\0\0\0\0\000347c\0\0\0\0\0\0\0\0\0\0\0\0\0\0\0\0\0\0\0\0\0\0\0\0\0\0\0\0\0\0\0\0\0\0\0\0\0\0\0\0\0\0\0\0\0\0\0\0\0\0\0\0\0\0\0\0\0\0\0\0\0\0\0\0\0\0\0\0\0\0\0\0\0\0\0\0\0\0\0\0\0\0\0\0\0\0\0\0\0\0\0\0\0\0\0\0\0\0\0\0\0\0\0\0\0\0\0\0\0\0\0\0\0\0\0\0", 208) = 1
write(15, "CIS_READ ADDRES", 15)        = 1
write(208, "\1\0\0\0\5\0\0\0/usr/bin/st\0\0\0\0\0\0\0\0\0cap\0\0\0\0\0\0\0\0\0\0\0\0\0\0\0\0\0cis\0\0\0\0\0\0\0\0\0\0\0\0\0\0\0\0\0regr\0\0\0\0\0\0\0\0\0\0\0\0\0\0\0\0003480\0\0\0\0\0\0\0\0\0\0\0\0\0\0\0\0\0\0\0\0\0\0\0\0\0\0\0\0\0\0\0\0\0\0\0\0\0\0\0\0\0\0\0\0\0\0\0\0\0\0\0\0\0\0\0\0\0\0\0\0\0\0\0\0\0\0\0\0\0\0\0\0\0\0\0\0\0\0\0\0\0\0\0\0\0\0\0\0\0\0\0\0\0\0\0\0\0\0\0\0\0\0\0\0\0\0\0\0\0\0\0\0\0\0\0\0", 208) = 1
write(15, "CIS_READ ADDRES", 15)        = 1
write(208, "\1\0\0\0\5\0\0\0/usr/bin/st\0\0\0\0\0\0\0\0\0cap\0\0\0\0\0\0\0\0\0\0\0\0\0\0\0\0\0cis\0\0\0\0\0\0\0\0\0\0\0\0\0\0\0\0\0regr\0\0\0\0\0\0\0\0\0\0\0\0\0\0\0\0003482\0\0\0\0\0\0\0\0\0\0\0\0\0\0\0\0\0\0\0\0\0\0\0\0\0\0\0\0\0\0\0\0\0\0\0\0\0\0\0\0\0\0\0\0\0\0\0\0\0\0\0\0\0\0\0\0\0\0\0\0\0\0\0\0\0\0\0\0\0\0\0\0\0\0\0\0\0\0\0\0\0\0\0\0\0\0\0\0\0\0\0\0\0\0\0\0\0\0\0\0\0\0\0\0\0\0\0\0\0\0\0\0\0\0\0\0", 208) = 1
write(15, "CIS_READ ADDRES", 15)        = 1
write(208, "\1\0\0\0\5\0\0\0/usr/bin/st\0\0\0\0\0\0\0\0\0cap\0\0\0\0\0\0\0\0\0\0\0\0\0\0\0\0\0cis\0\0\0\0\0\0\0\0\0\0\0\0\0\0\0\0\0regr\0\0\0\0\0\0\0\0\0\0\0\0\0\0\0\0003484\0\0\0\0\0\0\0\0\0\0\0\0\0\0\0\0\0\0\0\0\0\0\0\0\0\0\0\0\0\0\0\0\0\0\0\0\0\0\0\0\0\0\0\0\0\0\0\0\0\0\0\0\0\0\0\0\0\0\0\0\0\0\0\0\0\0\0\0\0\0\0\0\0\0\0\0\0\0\0\0\0\0\0\0\0\0\0\0\0\0\0\0\0\0\0\0\0\0\0\0\0\0\0\0\0\0\0\0\0\0\0\0\0\0\0\0", 208) = 1
write(15, "CIS_READ ADDRES", 15)        = 1
write(208, "\1\0\0\0\5\0\0\0/usr/bin/st\0\0\0\0\0\0\0\0\0cap\0\0\0\0\0\0\0\0\0\0\0\0\0\0\0\0\0cis\0\0\0\0\0\0\0\0\0\0\0\0\0\0\0\0\0regr\0\0\0\0\0\0\0\0\0\0\0\0\0\0\0\0003486\0\0\0\0\0\0\0\0\0\0\0\0\0\0\0\0\0\0\0\0\0\0\0\0\0\0\0\0\0\0\0\0\0\0\0\0\0\0\0\0\0\0\0\0\0\0\0\0\0\0\0\0\0\0\0\0\0\0\0\0\0\0\0\0\0\0\0\0\0\0\0\0\0\0\0\0\0\0\0\0\0\0\0\0\0\0\0\0\0\0\0\0\0\0\0\0\0\0\0\0\0\0\0\0\0\0\0\0\0\0\0\0\0\0\0\0", 208) = 1
write(15, "CIS_READ ADDRES", 15)        = 1
write(208, "\1\0\0\0\5\0\0\0/usr/bin/st\0\0\0\0\0\0\0\0\0cap\0\0\0\0\0\0\0\0\0\0\0\0\0\0\0\0\0cis\0\0\0\0\0\0\0\0\0\0\0\0\0\0\0\0\0regr\0\0\0\0\0\0\0\0\0\0\0\0\0\0\0\0003488\0\0\0\0\0\0\0\0\0\0\0\0\0\0\0\0\0\0\0\0\0\0\0\0\0\0\0\0\0\0\0\0\0\0\0\0\0\0\0\0\0\0\0\0\0\0\0\0\0\0\0\0\0\0\0\0\0\0\0\0\0\0\0\0\0\0\0\0\0\0\0\0\0\0\0\0\0\0\0\0\0\0\0\0\0\0\0\0\0\0\0\0\0\0\0\0\0\0\0\0\0\0\0\0\0\0\0\0\0\0\0\0\0\0\0\0", 208) = 1
write(15, "CIS_READ ADDRES", 15)        = 1
write(208, "\1\0\0\0\5\0\0\0/usr/bin/st\0\0\0\0\0\0\0\0\0cap\0\0\0\0\0\0\0\0\0\0\0\0\0\0\0\0\0cis\0\0\0\0\0\0\0\0\0\0\0\0\0\0\0\0\0regr\0\0\0\0\0\0\0\0\0\0\0\0\0\0\0\000348a\0\0\0\0\0\0\0\0\0\0\0\0\0\0\0\0\0\0\0\0\0\0\0\0\0\0\0\0\0\0\0\0\0\0\0\0\0\0\0\0\0\0\0\0\0\0\0\0\0\0\0\0\0\0\0\0\0\0\0\0\0\0\0\0\0\0\0\0\0\0\0\0\0\0\0\0\0\0\0\0\0\0\0\0\0\0\0\0\0\0\0\0\0\0\0\0\0\0\0\0\0\0\0\0\0\0\0\0\0\0\0\0\0\0\0\0", 208) = 1
write(15, "CIS_READ ADDRES", 15)        = 1
write(208, "\1\0\0\0\5\0\0\0/usr/bin/st\0\0\0\0\0\0\0\0\0cap\0\0\0\0\0\0\0\0\0\0\0\0\0\0\0\0\0cis\0\0\0\0\0\0\0\0\0\0\0\0\0\0\0\0\0regr\0\0\0\0\0\0\0\0\0\0\0\0\0\0\0\000348c\0\0\0\0\0\0\0\0\0\0\0\0\0\0\0\0\0\0\0\0\0\0\0\0\0\0\0\0\0\0\0\0\0\0\0\0\0\0\0\0\0\0\0\0\0\0\0\0\0\0\0\0\0\0\0\0\0\0\0\0\0\0\0\0\0\0\0\0\0\0\0\0\0\0\0\0\0\0\0\0\0\0\0\0\0\0\0\0\0\0\0\0\0\0\0\0\0\0\0\0\0\0\0\0\0\0\0\0\0\0\0\0\0\0\0\0", 208) = 1
write(15, "CIS_READ ADDRES", 15)        = 1
write(208, "\1\0\0\0\5\0\0\0/usr/bin/st\0\0\0\0\0\0\0\0\0cap\0\0\0\0\0\0\0\0\0\0\0\0\0\0\0\0\0cis\0\0\0\0\0\0\0\0\0\0\0\0\0\0\0\0\0regr\0\0\0\0\0\0\0\0\0\0\0\0\0\0\0\000348e\0\0\0\0\0\0\0\0\0\0\0\0\0\0\0\0\0\0\0\0\0\0\0\0\0\0\0\0\0\0\0\0\0\0\0\0\0\0\0\0\0\0\0\0\0\0\0\0\0\0\0\0\0\0\0\0\0\0\0\0\0\0\0\0\0\0\0\0\0\0\0\0\0\0\0\0\0\0\0\0\0\0\0\0\0\0\0\0\0\0\0\0\0\0\0\0\0\0\0\0\0\0\0\0\0\0\0\0\0\0\0\0\0\0\0\0", 208) = 1
write(15, "CIS_READ ADDRES", 15)        = 1
write(208, "\1\0\0\0\5\0\0\0/usr/bin/st\0\0\0\0\0\0\0\0\0cap\0\0\0\0\0\0\0\0\0\0\0\0\0\0\0\0\0cis\0\0\0\0\0\0\0\0\0\0\0\0\0\0\0\0\0regr\0\0\0\0\0\0\0\0\0\0\0\0\0\0\0\0003490\0\0\0\0\0\0\0\0\0\0\0\0\0\0\0\0\0\0\0\0\0\0\0\0\0\0\0\0\0\0\0\0\0\0\0\0\0\0\0\0\0\0\0\0\0\0\0\0\0\0\0\0\0\0\0\0\0\0\0\0\0\0\0\0\0\0\0\0\0\0\0\0\0\0\0\0\0\0\0\0\0\0\0\0\0\0\0\0\0\0\0\0\0\0\0\0\0\0\0\0\0\0\0\0\0\0\0\0\0\0\0\0\0\0\0\0", 208) = 1
write(15, "CIS_READ ADDRES", 15)        = 1
write(208, "\1\0\0\0\5\0\0\0/usr/bin/st\0\0\0\0\0\0\0\0\0cap\0\0\0\0\0\0\0\0\0\0\0\0\0\0\0\0\0cis\0\0\0\0\0\0\0\0\0\0\0\0\0\0\0\0\0regr\0\0\0\0\0\0\0\0\0\0\0\0\0\0\0\0003492\0\0\0\0\0\0\0\0\0\0\0\0\0\0\0\0\0\0\0\0\0\0\0\0\0\0\0\0\0\0\0\0\0\0\0\0\0\0\0\0\0\0\0\0\0\0\0\0\0\0\0\0\0\0\0\0\0\0\0\0\0\0\0\0\0\0\0\0\0\0\0\0\0\0\0\0\0\0\0\0\0\0\0\0\0\0\0\0\0\0\0\0\0\0\0\0\0\0\0\0\0\0\0\0\0\0\0\0\0\0\0\0\0\0\0\0", 208) = 1
write(15, "CIS_READ ADDRES", 15)        = 1
write(208, "\1\0\0\0\5\0\0\0/usr/bin/st\0\0\0\0\0\0\0\0\0cap\0\0\0\0\0\0\0\0\0\0\0\0\0\0\0\0\0cis\0\0\0\0\0\0\0\0\0\0\0\0\0\0\0\0\0regr\0\0\0\0\0\0\0\0\0\0\0\0\0\0\0\0004022\0\0\0\0\0\0\0\0\0\0\0\0\0\0\0\0\0\0\0\0\0\0\0\0\0\0\0\0\0\0\0\0\0\0\0\0\0\0\0\0\0\0\0\0\0\0\0\0\0\0\0\0\0\0\0\0\0\0\0\0\0\0\0\0\0\0\0\0\0\0\0\0\0\0\0\0\0\0\0\0\0\0\0\0\0\0\0\0\0\0\0\0\0\0\0\0\0\0\0\0\0\0\0\0\0\0\0\0\0\0\0\0\0\0\0\0", 208) = 1
write(15, "CIS_READ ADDRES", 15)        = 1
write(208, "\1\0\0\0\5\0\0\0/usr/bin/st\0\0\0\0\0\0\0\0\0cap\0\0\0\0\0\0\0\0\0\0\0\0\0\0\0\0\0cis\0\0\0\0\0\0\0\0\0\0\0\0\0\0\0\0\0regr\0\0\0\0\0\0\0\0\0\0\0\0\0\0\0\0006100\0\0\0\0\0\0\0\0\0\0\0\0\0\0\0\0\0\0\0\0\0\0\0\0\0\0\0\0\0\0\0\0\0\0\0\0\0\0\0\0\0\0\0\0\0\0\0\0\0\0\0\0\0\0\0\0\0\0\0\0\0\0\0\0\0\0\0\0\0\0\0\0\0\0\0\0\0\0\0\0\0\0\0\0\0\0\0\0\0\0\0\0\0\0\0\0\0\0\0\0\0\0\0\0\0\0\0\0\0\0\0\0\0\0\0\0", 208) = 1
write(15, "CIS_READ ADDRES", 15)        = 1
write(208, "\1\0\0\0\5\0\0\0/usr/bin/st\0\0\0\0\0\0\0\0\0cap\0\0\0\0\0\0\0\0\0\0\0\0\0\0\0\0\0cis\0\0\0\0\0\0\0\0\0\0\0\0\0\0\0\0\0regr\0\0\0\0\0\0\0\0\0\0\0\0\0\0\0\0006306\0\0\0\0\0\0\0\0\0\0\0\0\0\0\0\0\0\0\0\0\0\0\0\0\0\0\0\0\0\0\0\0\0\0\0\0\0\0\0\0\0\0\0\0\0\0\0\0\0\0\0\0\0\0\0\0\0\0\0\0\0\0\0\0\0\0\0\0\0\0\0\0\0\0\0\0\0\0\0\0\0\0\0\0\0\0\0\0\0\0\0\0\0\0\0\0\0\0\0\0\0\0\0\0\0\0\0\0\0\0\0\0\0\0\0\0", 208) = 1
write(15, "CIS_READ ADDRES", 15)        = 1
write(208, "\1\0\0\0\5\0\0\0/usr/bin/st\0\0\0\0\0\0\0\0\0cap\0\0\0\0\0\0\0\0\0\0\0\0\0\0\0\0\0cis\0\0\0\0\0\0\0\0\0\0\0\0\0\0\0\0\0regr\0\0\0\0\0\0\0\0\0\0\0\0\0\0\0\000700c\0\0\0\0\0\0\0\0\0\0\0\0\0\0\0\0\0\0\0\0\0\0\0\0\0\0\0\0\0\0\0\0\0\0\0\0\0\0\0\0\0\0\0\0\0\0\0\0\0\0\0\0\0\0\0\0\0\0\0\0\0\0\0\0\0\0\0\0\0\0\0\0\0\0\0\0\0\0\0\0\0\0\0\0\0\0\0\0\0\0\0\0\0\0\0\0\0\0\0\0\0\0\0\0\0\0\0\0\0\0\0\0\0\0\0\0", 208) = 1
write(15, "CIS_READ ADDRES", 15)        = 1
write(208, "\1\0\0\0\5\0\0\0/usr/bin/st\0\0\0\0\0\0\0\0\0cap\0\0\0\0\0\0\0\0\0\0\0\0\0\0\0\0\0cis\0\0\0\0\0\0\0\0\0\0\0\0\0\0\0\0\0regr\0\0\0\0\0\0\0\0\0\0\0\0\0\0\0\000702c\0\0\0\0\0\0\0\0\0\0\0\0\0\0\0\0\0\0\0\0\0\0\0\0\0\0\0\0\0\0\0\0\0\0\0\0\0\0\0\0\0\0\0\0\0\0\0\0\0\0\0\0\0\0\0\0\0\0\0\0\0\0\0\0\0\0\0\0\0\0\0\0\0\0\0\0\0\0\0\0\0\0\0\0\0\0\0\0\0\0\0\0\0\0\0\0\0\0\0\0\0\0\0\0\0\0\0\0\0\0\0\0\0\0\0\0", 208) = 1
write(15, "CIS_READ ADDRES", 15)        = 1
write(208, "\1\0\0\0\5\0\0\0/usr/bin/st\0\0\0\0\0\0\0\0\0cap\0\0\0\0\0\0\0\0\0\0\0\0\0\0\0\0\0cis\0\0\0\0\0\0\0\0\0\0\0\0\0\0\0\0\0regr\0\0\0\0\0\0\0\0\0\0\0\0\0\0\0\0007032\0\0\0\0\0\0\0\0\0\0\0\0\0\0\0\0\0\0\0\0\0\0\0\0\0\0\0\0\0\0\0\0\0\0\0\0\0\0\0\0\0\0\0\0\0\0\0\0\0\0\0\0\0\0\0\0\0\0\0\0\0\0\0\0\0\0\0\0\0\0\0\0\0\0\0\0\0\0\0\0\0\0\0\0\0\0\0\0\0\0\0\0\0\0\0\0\0\0\0\0\0\0\0\0\0\0\0\0\0\0\0\0\0\0\0\0", 208) = 1
write(15, "CIS_READ ADDRES", 15)        = 1
write( <unfinished ...>
