=== CT3 FULL REGISTER PROBE V1.3 START ===
Sun Aug  9 12:17:19 UTC 2026
uid=uid=0(root) gid=0(root)
camera_pid=267
shell_tid=310
info_rc=1
regr_0100_rc=1
regr_0112_rc=1
regr_0340_rc=1
regr_0342_rc=1
regr_0344_rc=1
regr_0346_rc=1
regr_0348_rc=1
regr_034a_rc=1
regr_034c_rc=1
regr_034e_rc=1
regr_0380_rc=1
regr_0382_rc=1
regr_0384_rc=1
regr_0386_rc=1
regr_0900_rc=1
regr_0901_rc=1
regr_3142_rc=1
regr_3148_rc=1
regr_314a_rc=1
regr_31d2_rc=1
regr_3224_rc=1
regr_3226_rc=1
regr_3228_rc=1
regr_322a_rc=1
regr_3242_rc=1
regr_3252_rc=1
regr_3404_rc=1
regr_3406_rc=1
regr_3408_rc=1
regr_3416_rc=1
regr_3418_rc=1
regr_341a_rc=1
regr_341c_rc=1
regr_341e_rc=1
regr_3420_rc=1
regr_3422_rc=1
regr_3424_rc=1
regr_3426_rc=1
regr_342a_rc=1
regr_342c_rc=1
regr_342e_rc=1
regr_3430_rc=1
regr_3432_rc=1
regr_3434_rc=1
regr_343c_rc=1
regr_343e_rc=1
regr_3440_rc=1
regr_3466_rc=1
regr_347a_rc=1
regr_347c_rc=1
regr_3480_rc=1
regr_3482_rc=1
regr_3484_rc=1
regr_3486_rc=1
regr_3488_rc=1
regr_348a_rc=1
regr_348c_rc=1
regr_348e_rc=1
regr_3490_rc=1
regr_3492_rc=1
regr_4022_rc=1
regr_6100_rc=1
regr_6306_rc=1
regr_700c_rc=1
regr_702c_rc=1
regr_7032_rc=1
strace_pid=661
trace_bytes=32200
read_results=0
=== CT3 FULL REGISTER PROBE V1.3 END ===
Sun Aug  9 12:17:27 UTC 2026
