0, )                                    = 983070
msgrcv(0, 2696096616, 0xd0 /* MSG_??? */208, "\1\0\0\0\4\0\0\0/usr/bin/st\0\0\0\0\0\0\0\0\0cap\0\0\0\0\0\0\0\0\0\0\0\0\0\0\0\0\0cis\0\0\0\0\0\0\0\0\0\0\0\0\0\0\0\0\0info\0\0\0\0\0\0\0\0\0\0\0\0\0\0\0\0\0\0\0\0\0\0\0\0\0\0\0\0\0\0\0\0\0\0\0\0\0\0\0\0\0\0\0\0\0\0\0\0\0\0\0\0\0\0\0\0\0\0\0\0\0\0\0\0\0\0\0\0\0\0\0\0\0\0\0\0\0\0\0\0\0\0\0\0\0\0\0\0\0\0\0\0\0\0\0\0\0\0\0\0\0\0\0\0\0\0\0\0\0\0\0\0\0\0\0\0\0\0\0\0\0\0\0\0\0\0\0\0\0\0\0\0\0\0\0\0", 208) = 1
write(15, "## IMAGE SENSOR", 15)        = 1
write(34, "m_eMode      \t: eSensorModeIdle\n]\n", 34) = 1
write(32, "m_uiTimeUs   \t: 125.0ms \ndeIdle\n", 32) = 1
write(25, "m_eVideoGain \t: x8 \n0ms \n", 25) = 1
write(20, "m_eStillGain \t: x1 \n", 20) = 1
write(20, "m_blLockFramerate : ", 20)   = 1
write(28, "[CSensorDriver] 3 of EFrameR", 28) = 1
write(32, "m_eFrameRate      : 0fps \neRate\n", 32) = 1
write(26, "m_eLockFrameRate  : 30fps ", 26) = 1
write(27, "m_eBaseFrameRate  : 18fps \n", 27) = 1
write(27, "Frame rate : 59.965660fps\n\n", 27) = 1
write(26, "hd count/vd\t  \t  : 1344 \n\n", 26) = 1
write(25, "clock/hd\t      : 3772 \n \n", 25) = 1
write(23, "EFS mode : 0 \n : 3772 \n", 23) = 1
write(14, "VD time : 1667", 14)         = 1
write(22, "HD time : 12.40us \n\n \n", 22) = 1
write(20, "m_uiHdCount : 1343\n\n", 20) = 1
write(19, "m_eVideoFormat    :", 19)    = 1
write(26, "[Now] NTSC:59.965660fps, P", 26) = 1
write(42, "[1R2Sx1R2S(60fps)] NTSC:59.965660fps, PAL:", 42) = 1
write(55, "[1R2Sx1R7S(120fps)] NTSC:119.931320fps, PAL:99.992371fp", 55) = 1
write(57, "[2R2Sx2R2S(30fps)] NTSC:29.994511fps, PAL:24.996702fps\ns\n", 57) = 1
write(55, "[2R2Sx2R2S(60fps)] NTSC:59.970631fps, PAL:49.980633fps\n", 55) = 1
write(55, "[2R2Sx2R2S(24fps)] NTSC:23.997080fps, PAL:23.997080fps\n", 55) = 1
write(55, "[1R1Sx1R1S(3.5fps)] NTSC:3.569037fps, PAL:3.569037fps\n\n", 55) = 1
write(54, )                             = 983070
msgrcv(0, 2696096616, 0xd0 /* MSG_??? */208, "\1\0\0\0\5\0\0\0/usr/bin/st\0\0\0\0\0\0\0\0\0cap\0\0\0\0\0\0\0\0\0\0\0\0\0\0\0\0\0cis\0\0\0\0\0\0\0\0\0\0\0\0\0\0\0\0\0regr\0\0\0\0\0\0\0\0\0\0\0\0\0\0\0\0000340\0\0\0\0\0\0\0\0\0\0\0\0\0\0\0\0\0\0\0\0\0\0\0\0\0\0\0\0\0\0\0\0\0\0\0\0\0\0\0\0\0\0\0\0\0\0\0\0\0\0\0\0\0\0\0\0\0\0\0\0\0\0\0\0\0\0\0\0\0\0\0\0\0\0\0\0\0\0\0\0\0\0\0\0\0\0\0\0\0\0\0\0\0\0\0\0\0\0\0\0\0\0\0\0\0\0\0\0\0\0\0\0\0\0\0\0", 208) = 1
write(15, "CIS_READ ADDRES", 15)        = 1
write(34, )                             = 983070
msgrcv(0, 2696096616, 0xd0 /* MSG_??? */208, "\1\0\0\0\5\0\0\0/usr/bin/st\0\0\0\0\0\0\0\0\0cap\0\0\0\0\0\0\0\0\0\0\0\0\0\0\0\0\0cis\0\0\0\0\0\0\0\0\0\0\0\0\0\0\0\0\0regr\0\0\0\0\0\0\0\0\0\0\0\0\0\0\0\0000342\0\0\0\0\0\0\0\0\0\0\0\0\0\0\0\0\0\0\0\0\0\0\0\0\0\0\0\0\0\0\0\0\0\0\0\0\0\0\0\0\0\0\0\0\0\0\0\0\0\0\0\0\0\0\0\0\0\0\0\0\0\0\0\0\0\0\0\0\0\0\0\0\0\0\0\0\0\0\0\0\0\0\0\0\0\0\0\0\0\0\0\0\0\0\0\0\0\0\0\0\0\0\0\0\0\0\0\0\0\0\0\0\0\0\0\0", 208) = 1
write(15, "CIS_READ ADDRES", 15)        = 1
write(34, )                             = 983070
msgrcv(0, 2696096616, 0xd0 /* MSG_??? */208, "\1\0\0\0\5\0\0\0/usr/bin/st\0\0\0\0\0\0\0\0\0cap\0\0\0\0\0\0\0\0\0\0\0\0\0\0\0\0\0cis\0\0\0\0\0\0\0\0\0\0\0\0\0\0\0\0\0regr\0\0\0\0\0\0\0\0\0\0\0\0\0\0\0\0003404\0\0\0\0\0\0\0\0\0\0\0\0\0\0\0\0\0\0\0\0\0\0\0\0\0\0\0\0\0\0\0\0\0\0\0\0\0\0\0\0\0\0\0\0\0\0\0\0\0\0\0\0\0\0\0\0\0\0\0\0\0\0\0\0\0\0\0\0\0\0\0\0\0\0\0\0\0\0\0\0\0\0\0\0\0\0\0\0\0\0\0\0\0\0\0\0\0\0\0\0\0\0\0\0\0\0\0\0\0\0\0\0\0\0\0\0", 208) = 1
write(15, "CIS_READ ADDRES", 15)        = 1
write(35, )                             = 983070
