write(1, "CaptureConsole\n", 15)        = 15
write(1, "## IMAGE SENSOR INFORMATION [CT3]\n", 34) = 34
write(1, "m_eMode      \t: eSensorModeLiveview\n", 36) = 36
write(1, "m_uiTimeUs   \t: 32.633ms \n", 26) = 26
write(1, "m_eVideoGain \t: x8 \n", 20)  = 20
write(1, "m_eStillGain \t: x1 \n", 20)  = 20
write(1, "m_blLockFramerate : Unlock \n", 28) = 28
write(1, "m_eFrameRate      : 30fps \n", 27) = 27
write(1, "m_eLockFrameRate  : 30fps \n", 27) = 27
write(1, "m_eBaseFrameRate  : 18fps \n", 27) = 27
write(1, "Frame rate : 29.982830fps\n", 26) = 26
write(1, "hd count/vd\t  \t  : 1344 \n", 25) = 25
write(1, "clock/hd\t      : 3772 \n", 23) = 23
write(1, "EFS mode : 0 \n", 14)         = 14
write(1, "VD time : 16676.21us \n", 22) = 22
write(1, "HD time : 12.40us \n\n", 20)  = 20
write(1, "m_uiHdCount : 2630\n", 19)    = 19
write(1, "m_eVideoFormat    : NTSC \n", 26) = 26
write(1, "[Now] NTSC:59.965660fps, PAL:49.996185fps\n", 42) = 42
write(1, "[1R2Sx1R2S(60fps)] NTSC:59.965660fps, PAL:49.996185fps\n", 55) = 55
write(1, "[1R2Sx1R7S(120fps)] NTSC:119.931320fps, PAL:99.992371fps\n", 57) = 57
write(1, "[2R2Sx2R2S(30fps)] NTSC:29.994511fps, PAL:24.996702fps\n", 55) = 55
write(1, "[2R2Sx2R2S(60fps)] NTSC:59.970631fps, PAL:49.980633fps\n", 55) = 55
write(1, "[2R2Sx2R2S(24fps)] NTSC:23.997080fps, PAL:23.997080fps\n", 55) = 55
write(1, "[1R1Sx1R1S(3.5fps)] NTSC:3.569037fps, PAL:3.569037fps\n", 54) = 54
write(1, "CaptureConsole\n", 15)        = 15
write(1, "CIS_READ ADDRESS : 340, DATA : a80 \n", 36) = 36
write(1, "CaptureConsole\n", 15)        = 15
write(1, "CIS_READ ADDRESS : 342, DATA : ebc \n", 36) = 36
write(1, "CaptureConsole\n", 15)        = 15
write(1, "CIS_READ ADDRESS : 3404, DATA : 5 \n", 35) = 35
