msgrcv(983070, 0, 2696096616, 0xd0 /* MSG_??? */) = 208
write(1, "CaptureConsole\n", 15)        = 15
write(1, "## IMAGE SENSOR INFORMATION [CT3]\n", 34) = 34
write(1, "m_eMode      \t: eSensorModeIdle\n", 32) = 32
write(1, "m_uiTimeUs   \t: 125.0ms \n", 25) = 25
write(1, "m_eVideoGain \t: x8 \n", 20)  = 20
write(1, "m_eStillGain \t: x1 \n", 20)  = 20
write(1, "m_blLockFramerate : Unlock \n", 28) = 28
write(1, "[CSensorDriver] 3 of EFrameRate\n", 32) = 32
write(1, "m_eFrameRate      : 0fps \n", 26) = 26
write(1, "m_eLockFrameRate  : 30fps \n", 27) = 27
write(1, "m_eBaseFrameRate  : 18fps \n", 27) = 27
write(1, "Frame rate : 7.495708fps\n", 25) = 25
write(1, "hd count/vd\t  \t  : 1344 \n", 25) = 25
write(1, "clock/hd\t      : 3772 \n", 23) = 23
write(1, "EFS mode : 0 \n", 14)         = 14
write(1, "VD time : 16676.21us \n", 22) = 22
write(1, "HD time : 12.40us \n\n", 20)  = 20
write(1, "m_uiHdCount : 10074\n", 20)   = 20
write(1, "m_eVideoFormat    : NTSC \n", 26) = 26
write(1, "[Now] NTSC:59.965660fps, PAL:49.996185fps\n", 42) = 42
write(1, "[1R2Sx1R2S(60fps)] NTSC:59.965660fps, PAL:49.996185fps\n", 55) = 55
write(1, "[1R2Sx1R7S(120fps)] NTSC:119.931320fps, PAL:99.992371fps\n", 57) = 57
write(1, "[2R2Sx2R2S(30fps)] NTSC:29.994511fps, PAL:24.996702fps\n", 55) = 55
write(1, "[2R2Sx2R2S(60fps)] NTSC:59.970631fps, PAL:49.980633fps\n", 55) = 55
write(1, "[2R2Sx2R2S(24fps)] NTSC:23.997080fps, PAL:23.997080fps\n", 55) = 55
write(1, "[1R1Sx1R1S(3.5fps)] NTSC:3.569037fps, PAL:3.569037fps\n", 54) = 54
msgrcv(983070, 0, 2696096616, 0xd0 /* MSG_??? */) = 208
write(1, "CaptureConsole\n", 15)        = 15
write(1, "CIS_READ ADDRESS : 100, DATA : 0 \n", 34) = 34
msgrcv(983070, 0, 2696096616, 0xd0 /* MSG_??? */) = 208
write(1, "CaptureConsole\n", 15)        = 15
write(1, "CIS_READ ADDRESS : 112, DATA : 0 \n", 34) = 34
msgrcv(983070, 0, 2696096616, 0xd0 /* MSG_??? */) = 208
write(1, "CaptureConsole\n", 15)        = 15
write(1, "CIS_READ ADDRESS : 340, DATA : 0 \n", 34) = 34
msgrcv(983070, 0, 2696096616, 0xd0 /* MSG_??? */) = 208
write(1, "CaptureConsole\n", 15)        = 15
write(1, "CIS_READ ADDRESS : 342, DATA : 0 \n", 34) = 34
msgrcv(983070, 0, 2696096616, 0xd0 /* MSG_??? */) = 208
write(1, "CaptureConsole\n", 15)        = 15
write(1, "CIS_READ ADDRESS : 344, DATA : 0 \n", 34) = 34
msgrcv(983070, 0, 2696096616, 0xd0 /* MSG_??? */) = 208
write(1, "CaptureConsole\n", 15)        = 15
write(1, "CIS_READ ADDRESS : 346, DATA : 0 \n", 34) = 34
msgrcv(983070, 0, 2696096616, 0xd0 /* MSG_??? */) = 208
write(1, "CaptureConsole\n", 15)        = 15
write(1, "CIS_READ ADDRESS : 348, DATA : 0 \n", 34) = 34
msgrcv(983070, 0, 2696096616, 0xd0 /* MSG_??? */) = 208
write(1, "CaptureConsole\n", 15)        = 15
write(1, "CIS_READ ADDRESS : 34a, DATA : 0 \n", 34) = 34
msgrcv(983070, 0, 2696096616, 0xd0 /* MSG_??? */) = 208
write(1, "CaptureConsole\n", 15)        = 15
write(1, "CIS_READ ADDRESS : 34c, DATA : 0 \n", 34) = 34
msgrcv(983070, 0, 2696096616, 0xd0 /* MSG_??? */) = 208
write(1, "CaptureConsole\n", 15)        = 15
write(1, "CIS_READ ADDRESS : 34e, DATA : 0 \n", 34) = 34
msgrcv(983070, 0, 2696096616, 0xd0 /* MSG_??? */) = 208
write(1, "CaptureConsole\n", 15)        = 15
write(1, "CIS_READ ADDRESS : 380, DATA : 0 \n", 34) = 34
msgrcv(983070, 0, 2696096616, 0xd0 /* MSG_??? */) = 208
write(1, "CaptureConsole\n", 15)        = 15
write(1, "CIS_READ ADDRESS : 382, DATA : 0 \n", 34) = 34
msgrcv(983070, 0, 2696096616, 0xd0 /* MSG_??? */) = 208
write(1, "CaptureConsole\n", 15)        = 15
write(1, "CIS_READ ADDRESS : 384, DATA : 0 \n", 34) = 34
msgrcv(983070, 0, 2696096616, 0xd0 /* MSG_??? */) = 208
write(1, "CaptureConsole\n", 15)        = 15
write(1, "CIS_READ ADDRESS : 386, DATA : 0 \n", 34) = 34
msgrcv(983070, 0, 2696096616, 0xd0 /* MSG_??? */) = 208
write(1, "CaptureConsole\n", 15)        = 15
write(1, "CIS_READ ADDRESS : 900, DATA : 0 \n", 34) = 34
msgrcv(983070, 0, 2696096616, 0xd0 /* MSG_??? */) = 208
write(1, "CaptureConsole\n", 15)        = 15
write(1, "CIS_READ ADDRESS : 901, DATA : 0 \n", 34) = 34
msgrcv(983070, 0, 2696096616, 0xd0 /* MSG_??? */) = 208
write(1, "CaptureConsole\n", 15)        = 15
write(1, "CIS_READ ADDRESS : 3142, DATA : 0 \n", 35) = 35
msgrcv(983070, 0, 2696096616, 0xd0 /* MSG_??? */) = 208
write(1, "CaptureConsole\n", 15)        = 15
write(1, "CIS_READ ADDRESS : 3148, DATA : 0 \n", 35) = 35
msgrcv(983070, 0, 2696096616, 0xd0 /* MSG_??? */) = 208
write(1, "CaptureConsole\n", 15)        = 15
write(1, "CIS_READ ADDRESS : 314a, DATA : 0 \n", 35) = 35
msgrcv(983070, 0, 2696096616, 0xd0 /* MSG_??? */) = 208
write(1, "CaptureConsole\n", 15)        = 15
write(1, "CIS_READ ADDRESS : 31d2, DATA : 0 \n", 35) = 35
msgrcv(983070, 0, 2696096616, 0xd0 /* MSG_??? */) = 208
write(1, "CaptureConsole\n", 15)        = 15
write(1, "CIS_READ ADDRESS : 3224, DATA : 0 \n", 35) = 35
msgrcv(983070, 0, 2696096616, 0xd0 /* MSG_??? */) = 208
write(1, "CaptureConsole\n", 15)        = 15
write(1, "CIS_READ ADDRESS : 3226, DATA : 0 \n", 35) = 35
msgrcv(983070, 0, 2696096616, 0xd0 /* MSG_??? */) = 208
write(1, "CaptureConsole\n", 15)        = 15
write(1, "CIS_READ ADDRESS : 3228, DATA : 0 \n", 35) = 35
msgrcv(983070, 0, 2696096616, 0xd0 /* MSG_??? */) = 208
write(1, "CaptureConsole\n", 15)        = 15
write(1, "CIS_READ ADDRESS : 322a, DATA : 0 \n", 35) = 35
msgrcv(983070, 0, 2696096616, 0xd0 /* MSG_??? */) = 208
write(1, "CaptureConsole\n", 15)        = 15
write(1, "CIS_READ ADDRESS : 3242, DATA : 0 \n", 35) = 35
msgrcv(983070, 0, 2696096616, 0xd0 /* MSG_??? */) = 208
write(1, "CaptureConsole\n", 15)        = 15
write(1, "CIS_READ ADDRESS : 3252, DATA : 0 \n", 35) = 35
msgrcv(983070, 0, 2696096616, 0xd0 /* MSG_??? */) = 208
write(1, "CaptureConsole\n", 15)        = 15
write(1, "CIS_READ ADDRESS : 3404, DATA : 0 \n", 35) = 35
msgrcv(983070, 0, 2696096616, 0xd0 /* MSG_??? */) = 208
write(1, "CaptureConsole\n", 15)        = 15
write(1, "CIS_READ ADDRESS : 3406, DATA : 0 \n", 35) = 35
msgrcv(983070, 0, 2696096616, 0xd0 /* MSG_??? */) = 208
write(1, "CaptureConsole\n", 15)        = 15
write(1, "CIS_READ ADDRESS : 3408, DATA : 0 \n", 35) = 35
msgrcv(983070, 0, 2696096616, 0xd0 /* MSG_??? */) = 208
write(1, "CaptureConsole\n", 15)        = 15
write(1, "CIS_READ ADDRESS : 3416, DATA : 0 \n", 35) = 35
msgrcv(983070, 0, 2696096616, 0xd0 /* MSG_??? */) = 208
write(1, "CaptureConsole\n", 15)        = 15
write(1, "CIS_READ ADDRESS : 3418, DATA : 0 \n", 35) = 35
msgrcv(983070, 0, 2696096616, 0xd0 /* MSG_??? */) = 208
write(1, "CaptureConsole\n", 15)        = 15
write(1, "CIS_READ ADDRESS : 341a, DATA : 0 \n", 35) = 35
msgrcv(983070, 0, 2696096616, 0xd0 /* MSG_??? */) = 208
write(1, "CaptureConsole\n", 15)        = 15
write(1, "CIS_READ ADDRESS : 341c, DATA : 0 \n", 35) = 35
msgrcv(983070, 0, 2696096616, 0xd0 /* MSG_??? */) = 208
write(1, "CaptureConsole\n", 15)        = 15
write(1, "CIS_READ ADDRESS : 341e, DATA : 0 \n", 35) = 35
msgrcv(983070, 0, 2696096616, 0xd0 /* MSG_??? */) = 208
write(1, "CaptureConsole\n", 15)        = 15
write(1, "CIS_READ ADDRESS : 3420, DATA : 0 \n", 35) = 35
msgrcv(983070, 0, 2696096616, 0xd0 /* MSG_??? */) = 208
write(1, "CaptureConsole\n", 15)        = 15
write(1, "CIS_READ ADDRESS : 3422, DATA : 0 \n", 35) = 35
msgrcv(983070, 0, 2696096616, 0xd0 /* MSG_??? */) = 208
write(1, "CaptureConsole\n", 15)        = 15
write(1, "CIS_READ ADDRESS : 3424, DATA : 0 \n", 35) = 35
msgrcv(983070, 0, 2696096616, 0xd0 /* MSG_??? */) = 208
write(1, "CaptureConsole\n", 15)        = 15
write(1, "CIS_READ ADDRESS : 3426, DATA : 0 \n", 35) = 35
msgrcv(983070, 0, 2696096616, 0xd0 /* MSG_??? */) = 208
write(1, "CaptureConsole\n", 15)        = 15
write(1, "CIS_READ ADDRESS : 342a, DATA : 0 \n", 35) = 35
msgrcv(983070, 0, 2696096616, 0xd0 /* MSG_??? */) = 208
write(1, "CaptureConsole\n", 15)        = 15
write(1, "CIS_READ ADDRESS : 342c, DATA : 0 \n", 35) = 35
msgrcv(983070, 0, 2696096616, 0xd0 /* MSG_??? */) = 208
write(1, "CaptureConsole\n", 15)        = 15
write(1, "CIS_READ ADDRESS : 342e, DATA : 0 \n", 35) = 35
msgrcv(983070, 0, 2696096616, 0xd0 /* MSG_??? */) = 208
write(1, "CaptureConsole\n", 15)        = 15
write(1, "CIS_READ ADDRESS : 3430, DATA : 0 \n", 35) = 35
msgrcv(983070, 0, 2696096616, 0xd0 /* MSG_??? */) = 208
write(1, "CaptureConsole\n", 15)        = 15
write(1, "CIS_READ ADDRESS : 3432, DATA : 0 \n", 35) = 35
msgrcv(983070, 0, 2696096616, 0xd0 /* MSG_??? */) = 208
write(1, "CaptureConsole\n", 15)        = 15
write(1, "CIS_READ ADDRESS : 3434, DATA : 0 \n", 35) = 35
msgrcv(983070, 0, 2696096616, 0xd0 /* MSG_??? */) = 208
write(1, "CaptureConsole\n", 15)        = 15
write(1, "CIS_READ ADDRESS : 343c, DATA : 0 \n", 35) = 35
msgrcv(983070, 0, 2696096616, 0xd0 /* MSG_??? */) = 208
write(1, "CaptureConsole\n", 15)        = 15
write(1, "CIS_READ ADDRESS : 343e, DATA : 0 \n", 35) = 35
msgrcv(983070, 0, 2696096616, 0xd0 /* MSG_??? */) = 208
write(1, "CaptureConsole\n", 15)        = 15
write(1, "CIS_READ ADDRESS : 3440, DATA : 0 \n", 35) = 35
msgrcv(983070, 0, 2696096616, 0xd0 /* MSG_??? */) = 208
write(1, "CaptureConsole\n", 15)        = 15
write(1, "CIS_READ ADDRESS : 3466, DATA : 0 \n", 35) = 35
msgrcv(983070, 0, 2696096616, 0xd0 /* MSG_??? */) = 208
write(1, "CaptureConsole\n", 15)        = 15
write(1, "CIS_READ ADDRESS : 347a, DATA : 0 \n", 35) = 35
msgrcv(983070, 0, 2696096616, 0xd0 /* MSG_??? */) = 208
write(1, "CaptureConsole\n", 15)        = 15
write(1, "CIS_READ ADDRESS : 347c, DATA : 0 \n", 35) = 35
msgrcv(983070, 0, 2696096616, 0xd0 /* MSG_??? */) = 208
write(1, "CaptureConsole\n", 15)        = 15
write(1, "CIS_READ ADDRESS : 3480, DATA : 0 \n", 35) = 35
msgrcv(983070, 0, 2696096616, 0xd0 /* MSG_??? */) = 208
write(1, "CaptureConsole\n", 15)        = 15
write(1, "CIS_READ ADDRESS : 3482, DATA : 0 \n", 35) = 35
msgrcv(983070, 0, 2696096616, 0xd0 /* MSG_??? */) = 208
write(1, "CaptureConsole\n", 15)        = 15
write(1, "CIS_READ ADDRESS : 3484, DATA : 0 \n", 35) = 35
msgrcv(983070, 0, 2696096616, 0xd0 /* MSG_??? */) = 208
write(1, "CaptureConsole\n", 15)        = 15
write(1, "CIS_READ ADDRESS : 3486, DATA : 0 \n", 35) = 35
msgrcv(983070, 0, 2696096616, 0xd0 /* MSG_??? */) = 208
write(1, "CaptureConsole\n", 15)        = 15
write(1, "CIS_READ ADDRESS : 3488, DATA : 0 \n", 35) = 35
msgrcv(983070, 0, 2696096616, 0xd0 /* MSG_??? */) = 208
write(1, "CaptureConsole\n", 15)        = 15
write(1, "CIS_READ ADDRESS : 348a, DATA : 0 \n", 35) = 35
msgrcv(983070, 0, 2696096616, 0xd0 /* MSG_??? */) = 208
write(1, "CaptureConsole\n", 15)        = 15
write(1, "CIS_READ ADDRESS : 348c, DATA : 0 \n", 35) = 35
msgrcv(983070, 0, 2696096616, 0xd0 /* MSG_??? */) = 208
write(1, "CaptureConsole\n", 15)        = 15
write(1, "CIS_READ ADDRESS : 348e, DATA : 0 \n", 35) = 35
msgrcv(983070, 0, 2696096616, 0xd0 /* MSG_??? */) = 208
write(1, "CaptureConsole\n", 15)        = 15
write(1, "CIS_READ ADDRESS : 3490, DATA : 0 \n", 35) = 35
msgrcv(983070, 0, 2696096616, 0xd0 /* MSG_??? */) = 208
write(1, "CaptureConsole\n", 15)        = 15
write(1, "CIS_READ ADDRESS : 3492, DATA : 0 \n", 35) = 35
msgrcv(983070, 0, 2696096616, 0xd0 /* MSG_??? */) = 208
write(1, "CaptureConsole\n", 15)        = 15
write(1, "CIS_READ ADDRESS : 4022, DATA : 0 \n", 35) = 35
msgrcv(983070, 0, 2696096616, 0xd0 /* MSG_??? */) = 208
write(1, "CaptureConsole\n", 15)        = 15
write(1, "CIS_READ ADDRESS : 6100, DATA : 0 \n", 35) = 35
msgrcv(983070, 0, 2696096616, 0xd0 /* MSG_??? */) = 208
write(1, "CaptureConsole\n", 15)        = 15
write(1, "CIS_READ ADDRESS : 6306, DATA : 0 \n", 35) = 35
msgrcv(983070, 0, 2696096616, 0xd0 /* MSG_??? */) = 208
write(1, "CaptureConsole\n", 15)        = 15
write(1, "CIS_READ ADDRESS : 700c, DATA : 0 \n", 35) = 35
msgrcv(983070, 0, 2696096616, 0xd0 /* MSG_??? */) = 208
write(1, "CaptureConsole\n", 15)        = 15
write(1, "CIS_READ ADDRESS : 702c, DATA : 0 \n", 35) = 35
msgrcv(983070, 0, 2696096616, 0xd0 /* MSG_??? */) = 208
write(1, "CaptureConsole\n", 15)        = 15
write(1, "CIS_READ ADDRESS : 7032, DATA : 0 \n", 35) = 35
msgrcv(983070,  <unfinished ...>
